[0;32;1mStarting core on lun 20 mag 2019, 20:45:39, CEST
[0;32;1mCore has been started
[0;30;1mWaiting for monitor response...
[0;30;1mStatus.. [0;32;1mOK
[0;32;1mLoading usb connected..
[0;32;1m[ 0.000000] microcode: microcode updated early to revision 0xb4, date = 2019-04-01
[0;32;1m[ 0.000000] Linux version 5.0.0-15-generic (buildd@lcy01-amd64-025) (gcc version 8.3.0 (Ubuntu 8.3.0-6ubuntu1)) #16-Ubuntu SMP Mon May 6 17:41:33 UTC 2019 (Ubuntu 5.0.0-15.16-generic 5.0.6)
[0;32;1m[ 0.000000] Command line: BOOT_IMAGE=/boot/vmlinuz-5.0.0-15-generic root=UUID=3aa6b752-2820-434b-bc66-e4b1d6d99f63 ro quiet splash vt.handoff=1
[0;32;1m[ 0.000000] KERNEL supported cpus:
[0;32;1m[ 0.000000] Intel GenuineIntel
[0;32;1m[ 0.000000] AMD AuthenticAMD
[0;32;1m[ 0.000000] Hygon HygonGenuine
[0;32;1m[ 0.000000] Centaur CentaurHauls
[0;32;1m[ 0.000000] x86/fpu: Supporting XSAVE feature 0x001: 'x87 floating point registers'
[0;32;1m[ 0.000000] x86/fpu: Supporting XSAVE feature 0x002: 'SSE registers'
[0;32;1m[ 0.000000] x86/fpu: Supporting XSAVE feature 0x004: 'AVX registers'
[0;32;1m[ 0.000000] x86/fpu: Supporting XSAVE feature 0x008: 'MPX bounds registers'
[0;32;1m[ 0.000000] x86/fpu: Supporting XSAVE feature 0x010: 'MPX CSR'
[0;32;1m[ 0.000000] x86/fpu: xstate_offset[2]: 576, xstate_sizes[2]: 256
[0;32;1m[ 0.000000] x86/fpu: xstate_offset[3]: 832, xstate_sizes[3]: 64
[0;32;1m[ 0.000000] x86/fpu: xstate_offset[4]: 896, xstate_sizes[4]: 64
[0;32;1m[ 0.000000] x86/fpu: Enabled xstate features 0x1f, context size is 960 bytes, using 'compacted' format.
[0;32;1m[ 0.000000] BIOS-provided physical RAM map:
[0;32;1m[ 0.000000] BIOS-e820: [mem 0x0000000000000000-0x0000000000057fff] usable
[0;32;1m[ 0.000000] BIOS-e820: [mem 0x0000000000058000-0x0000000000058fff] reserved
[0;32;1m[ 0.000000] BIOS-e820: [mem 0x0000000000059000-0x000000000009efff] usable
[0;32;1m[ 0.000000] BIOS-e820: [mem 0x000000000009f000-0x00000000000fffff] reserved
[0;32;1m[ 0.000000] BIOS-e820: [mem 0x0000000000100000-0x00000000803e0fff] usable
[0;32;1m[ 0.000000] BIOS-e820: [mem 0x00000000803e1000-0x00000000803e1fff] ACPI NVS
[0;32;1m[ 0.000000] BIOS-e820: [mem 0x00000000803e2000-0x00000000803e2fff] reserved
[0;32;1m[ 0.000000] BIOS-e820: [mem 0x00000000803e3000-0x000000008d060fff] usable
[0;32;1m[ 0.000000] BIOS-e820: [mem 0x000000008d061000-0x000000008e768fff] reserved
[0;32;1m[ 0.000000] BIOS-e820: [mem 0x000000008e769000-0x000000008e7abfff] ACPI data
[0;32;1m[ 0.000000] BIOS-e820: [mem 0x000000008e7ac000-0x000000008ef5dfff] ACPI NVS
[0;32;1m[ 0.000000] BIOS-e820: [mem 0x000000008ef5e000-0x000000008fa3afff] reserved
[0;32;1m[ 0.000000] BIOS-e820: [mem 0x000000008fa3b000-0x000000008faa1fff] type 20
[0;32;1m[ 0.000000] BIOS-e820: [mem 0x000000008faa2000-0x000000008fafffff] usable
[0;32;1m[ 0.000000] BIOS-e820: [mem 0x000000008fb00000-0x000000008fffffff] reserved
[0;32;1m[ 0.000000] BIOS-e820: [mem 0x00000000e0000000-0x00000000efffffff] reserved
[0;32;1m[ 0.000000] BIOS-e820: [mem 0x00000000fe000000-0x00000000fe010fff] reserved
[0;32;1m[ 0.000000] BIOS-e820: [mem 0x00000000fec00000-0x00000000fec00fff] reserved
[0;32;1m[ 0.000000] BIOS-e820: [mem 0x00000000fee00000-0x00000000fee00fff] reserved
[0;32;1m[ 0.000000] BIOS-e820: [mem 0x00000000ff000000-0x00000000ffffffff] reserved
[0;32;1m[ 0.000000] BIOS-e820: [mem 0x0000000100000000-0x000000046effffff] usable
[0;32;1m[ 0.000000] NX (Execute Disable) protection: active
[0;32;1m[ 0.000000] efi: EFI v2.50 by American Megatrends
[0;32;1m[ 0.000000] efi: ESRT=0x8f9af858 ACPI=0x8e776000 ACPI 2.0=0x8e776000 SMBIOS=0xf05e0 SMBIOS 3.0=0xf0600 MPS=0xfc9e0
[0;32;1m[ 0.000000] secureboot: Secure boot could not be determined (mode 0)
[0;32;1m[ 0.000000] SMBIOS 3.0.0 present.
[0;32;1m[ 0.000000] DMI: System manufacturer System Product Name/PRIME Z270-A, BIOS 0906 03/22/2017
[0;32;1m[ 0.000000] tsc: Detected 3800.000 MHz processor
[0;32;1m[ 0.001134] tsc: Detected 3792.000 MHz TSC
[0;32;1m[ 0.001134] e820: update [mem 0x00000000-0x00000fff] usable ==> reserved
[0;32;1m[ 0.001135] e820: remove [mem 0x000a0000-0x000fffff] usable
[0;32;1m[ 0.001139] last_pfn = 0x46f000 max_arch_pfn = 0x400000000
[0;32;1m[ 0.001142] MTRR default type: write-back
[0;32;1m[ 0.001143] MTRR fixed ranges enabled:
[0;32;1m[ 0.001143] 00000-9FFFF write-back
[0;32;1m[ 0.001144] A0000-BFFFF uncachable
[0;32;1m[ 0.001145] C0000-FFFFF write-protect
[0;32;1m[ 0.001145] MTRR variable ranges enabled:
[0;32;1m[ 0.001146] 0 base 00C0000000 mask 7FC0000000 uncachable
[0;32;1m[ 0.001146] 1 base 00A0000000 mask 7FE0000000 uncachable
[0;32;1m[ 0.001147] 2 base 0090000000 mask 7FF0000000 uncachable
[0;32;1m[ 0.001147] 3 disabled
[0;32;1m[ 0.001148] 4 disabled
[0;32;1m[ 0.001148] 5 disabled
[0;32;1m[ 0.001148] 6 disabled
[0;32;1m[ 0.001148] 7 disabled
[0;32;1m[ 0.001149] 8 disabled
[0;32;1m[ 0.001149] 9 disabled
[0;32;1m[ 0.001729] x86/PAT: Configuration [0-7]: WB WC UC- UC WB WP UC- WT
[0;32;1m[ 0.001840] last_pfn = 0x8fb00 max_arch_pfn = 0x400000000
[0;32;1m[ 0.006990] found SMP MP-table at [mem 0x000fcc80-0x000fcc8f] mapped at [(____ptrval____)]
[0;32;1m[ 0.006999] esrt: Reserving ESRT space from 0x000000008f9af858 to 0x000000008f9af890.
[0;32;1m[ 0.007003] check: Scanning 1 areas for low memory corruption
[0;32;1m[ 0.007005] Base memory trampoline at [(____ptrval____)] 96000 size 24576
[0;32;1m[ 0.007009] Using GB pages for direct mapping
[0;32;1m[ 0.007011] BRK [0x33e401000, 0x33e401fff] PGTABLE
[0;32;1m[ 0.007012] BRK [0x33e402000, 0x33e402fff] PGTABLE
[0;32;1m[ 0.007012] BRK [0x33e403000, 0x33e403fff] PGTABLE
[0;32;1m[ 0.007027] BRK [0x33e404000, 0x33e404fff] PGTABLE
[0;32;1m[ 0.007028] BRK [0x33e405000, 0x33e405fff] PGTABLE
[0;32;1m[ 0.007083] BRK [0x33e406000, 0x33e406fff] PGTABLE
[0;32;1m[ 0.007102] BRK [0x33e407000, 0x33e407fff] PGTABLE
[0;32;1m[ 0.007164] BRK [0x33e408000, 0x33e408fff] PGTABLE
[0;32;1m[ 0.007202] BRK [0x33e409000, 0x33e409fff] PGTABLE
[0;32;1m[ 0.007238] RAMDISK: [mem 0x2f193000-0x338c0fff]
[0;32;1m[ 0.007244] ACPI: Early table checksum verification disabled
[0;32;1m[ 0.007246] ACPI: RSDP 0x000000008E776000 000024 (v02 ALASKA)
[0;32;1m[ 0.007249] ACPI: XSDT 0x000000008E7760A8 0000C4 (v01 ALASKA A M I 01072009 AMI 00010013)
[0;32;1m[ 0.007252] ACPI: FACP 0x000000008E7A0F70 000114 (v06 ALASKA A M I 01072009 AMI 00010013)
[0;32;1m[ 0.007255] ACPI: DSDT 0x000000008E776200 02AD6D (v02 ALASKA A M I 01072009 INTL 20160422)
[0;32;1m[ 0.007257] ACPI: FACS 0x000000008EF5DC40 000040
[0;32;1m[ 0.007259] ACPI: APIC 0x000000008E7A1088 000084 (v03 ALASKA A M I 01072009 AMI 00010013)
[0;32;1m[ 0.007260] ACPI: FPDT 0x000000008E7A1110 000044 (v01 ALASKA A M I 01072009 AMI 00010013)
[0;32;1m[ 0.007262] ACPI: BGRT 0x000000008E7ABBF8 000038 (v01 ALASKA A M I 01072009 AMI 00010013)
[0;32;1m[ 0.007263] ACPI: MCFG 0x000000008E7A11B0 00003C (v01 ALASKA A M I 01072009 MSFT 00000097)
[0;32;1m[ 0.007265] ACPI: SSDT 0x000000008E7A11F0 000390 (v01 SataRe SataTabl 00001000 INTL 20160422)
[0;32;1m[ 0.007266] ACPI: FIDT 0x000000008E7A1580 00009C (v01 ALASKA A M I 01072009 AMI 00010013)
[0;32;1m[ 0.007268] ACPI: SSDT 0x000000008E7A1620 003154 (v02 SaSsdt SaSsdt 00003000 INTL 20160422)
[0;32;1m[ 0.007269] ACPI: SSDT 0x000000008E7A4778 0025E1 (v02 PegSsd PegSsdt 00001000 INTL 20160422)
[0;32;1m[ 0.007271] ACPI: HPET 0x000000008E7A6D60 000038 (v01 INTEL KBL 00000001 MSFT 0000005F)
[0;32;1m[ 0.007273] ACPI: SSDT 0x000000008E7A6D98 000024 (v02 INTEL OEM_RTD3 00001000 INTL 20160422)
[0;32;1m[ 0.007274] ACPI: SSDT 0x000000008E7A6DC0 000B13 (v02 INTEL xh_rvp08 00000000 INTL 20160422)
[0;32;1m[ 0.007276] ACPI: UEFI 0x000000008E7A78D8 000042 (v01 INTEL EDK2 00000002 01000013)
[0;32;1m[ 0.007277] ACPI: SSDT 0x000000008E7A7920 000EDE (v02 CpuRef CpuSsdt 00003000 INTL 20160422)
[0;32;1m[ 0.007279] ACPI: LPIT 0x000000008E7A8800 000094 (v01 INTEL KBL 00000000 MSFT 0000005F)
[0;32;1m[ 0.007280] ACPI: WSMT 0x000000008E7A8898 000028 (v01 INTEL KBL 00000000 MSFT 0000005F)
[0;32;1m[ 0.007282] ACPI: SSDT 0x000000008E7A88C0 00029F (v02 INTEL sensrhub 00000000 INTL 20160422)
[0;32;1m[ 0.007283] ACPI: SSDT 0x000000008E7A8B60 003002 (v02 INTEL PtidDevc 00001000 INTL 20160422)
[0;32;1m[ 0.007285] ACPI: DBGP 0x000000008E7ABB68 000034 (v01 INTEL 00000002 MSFT 0000005F)
[0;32;1m[ 0.007286] ACPI: DBG2 0x000000008E7ABBA0 000054 (v00 INTEL 00000002 MSFT 0000005F)
[0;32;1m[ 0.007292] ACPI: Local APIC address 0xfee00000
[0;32;1m[ 0.007424] No NUMA configuration found
[0;32;1m[ 0.007425] Faking a node at [mem 0x0000000000000000-0x000000046effffff]
[0;32;1m[ 0.007431] NODE_DATA(0) allocated [mem 0x46efd5000-0x46effffff]
[0;32;1m[ 0.007583] Zone ranges:
[0;32;1m[ 0.007584] DMA [mem 0x0000000000001000-0x0000000000ffffff]
[0;32;1m[ 0.007584] DMA32 [mem 0x0000000001000000-0x00000000ffffffff]
[0;32;1m[ 0.007585] Normal [mem 0x0000000100000000-0x000000046effffff]
[0;32;1m[ 0.007586] Device empty
[0;32;1m[ 0.007586] Movable zone start for each node
[0;32;1m[ 0.007588] Early memory node ranges
[0;32;1m[ 0.007589] node 0: [mem 0x0000000000001000-0x0000000000057fff]
[0;32;1m[ 0.007589] node 0: [mem 0x0000000000059000-0x000000000009efff]
[0;32;1m[ 0.007589] node 0: [mem 0x0000000000100000-0x00000000803e0fff]
[0;32;1m[ 0.007590] node 0: [mem 0x00000000803e3000-0x000000008d060fff]
[0;32;1m[ 0.007590] node 0: [mem 0x000000008faa2000-0x000000008fafffff]
[0;32;1m[ 0.007591] node 0: [mem 0x0000000100000000-0x000000046effffff]
[0;32;1m[ 0.007717] Zeroed struct page in unavailable ranges: 12198 pages
[0;32;1m[ 0.007717] Initmem setup node 0 [mem 0x0000000000001000-0x000000046effffff]
[0;32;1m[ 0.007718] On node 0 totalpages: 4178010
[0;32;1m[ 0.007719] DMA zone: 64 pages used for memmap
[0;32;1m[ 0.007719] DMA zone: 26 pages reserved
[0;32;1m[ 0.007720] DMA zone: 3997 pages, LIFO batch:0
[0;32;1m[ 0.007781] DMA32 zone: 8963 pages used for memmap
[0;32;1m[ 0.007781] DMA32 zone: 573629 pages, LIFO batch:63
[0;32;1m[ 0.017512] Normal zone: 56256 pages used for memmap
[0;32;1m[ 0.017512] Normal zone: 3600384 pages, LIFO batch:63
[0;32;1m[ 0.071265] ACPI: PM-Timer IO Port: 0x1808
[0;32;1m[ 0.071266] ACPI: Local APIC address 0xfee00000
[0;32;1m[ 0.071270] ACPI: LAPIC_NMI (acpi_id[0x01] high edge lint[0x1])
[0;32;1m[ 0.071271] ACPI: LAPIC_NMI (acpi_id[0x02] high edge lint[0x1])
[0;32;1m[ 0.071271] ACPI: LAPIC_NMI (acpi_id[0x03] high edge lint[0x1])
[0;32;1m[ 0.071271] ACPI: LAPIC_NMI (acpi_id[0x04] high edge lint[0x1])
[0;32;1m[ 0.071297] IOAPIC[0]: apic_id 2, version 32, address 0xfec00000, GSI 0-119
[0;32;1m[ 0.071298] ACPI: INT_SRC_OVR (bus 0 bus_irq 0 global_irq 2 dfl dfl)
[0;32;1m[ 0.071299] ACPI: INT_SRC_OVR (bus 0 bus_irq 9 global_irq 9 high level)
[0;32;1m[ 0.071300] ACPI: IRQ0 used by override.
[0;32;1m[ 0.071301] ACPI: IRQ9 used by override.
[0;32;1m[ 0.071302] Using ACPI (MADT) for SMP configuration information
[0;32;1m[ 0.071303] ACPI: HPET id: 0x8086a201 base: 0xfed00000
[0;32;1m[ 0.071309] smpboot: Allowing 4 CPUs, 0 hotplug CPUs
[0;32;1m[ 0.071319] PM: Registered nosave memory: [mem 0x00000000-0x00000fff]
[0;32;1m[ 0.071320] PM: Registered nosave memory: [mem 0x00058000-0x00058fff]
[0;32;1m[ 0.071321] PM: Registered nosave memory: [mem 0x0009f000-0x000fffff]
[0;32;1m[ 0.071322] PM: Registered nosave memory: [mem 0x803e1000-0x803e1fff]
[0;32;1m[ 0.071322] PM: Registered nosave memory: [mem 0x803e2000-0x803e2fff]
[0;32;1m[ 0.071323] PM: Registered nosave memory: [mem 0x8d061000-0x8e768fff]
[0;32;1m[ 0.071323] PM: Registered nosave memory: [mem 0x8e769000-0x8e7abfff]
[0;32;1m[ 0.071324] PM: Registered nosave memory: [mem 0x8e7ac000-0x8ef5dfff]
[0;32;1m[ 0.071324] PM: Registered nosave memory: [mem 0x8ef5e000-0x8fa3afff]
[0;32;1m[ 0.071324] PM: Registered nosave memory: [mem 0x8fa3b000-0x8faa1fff]
[0;32;1m[ 0.071325] PM: Registered nosave memory: [mem 0x8fb00000-0x8fffffff]
[0;32;1m[ 0.071325] PM: Registered nosave memory: [mem 0x90000000-0xdfffffff]
[0;32;1m[ 0.071326] PM: Registered nosave memory: [mem 0xe0000000-0xefffffff]
[0;32;1m[ 0.071326] PM: Registered nosave memory: [mem 0xf0000000-0xfdffffff]
[0;32;1m[ 0.071326] PM: Registered nosave memory: [mem 0xfe000000-0xfe010fff]
[0;32;1m[ 0.071327] PM: Registered nosave memory: [mem 0xfe011000-0xfebfffff]
[0;32;1m[ 0.071327] PM: Registered nosave memory: [mem 0xfec00000-0xfec00fff]
[0;32;1m[ 0.071327] PM: Registered nosave memory: [mem 0xfec01000-0xfedfffff]
[0;32;1m[ 0.071328] PM: Registered nosave memory: [mem 0xfee00000-0xfee00fff]
[0;32;1m[ 0.071328] PM: Registered nosave memory: [mem 0xfee01000-0xfeffffff]
[0;32;1m[ 0.071328] PM: Registered nosave memory: [mem 0xff000000-0xffffffff]
[0;32;1m[ 0.071330] [mem 0x90000000-0xdfffffff] available for PCI devices
[0;32;1m[ 0.071330] Booting paravirtualized kernel on bare hardware
[0;32;1m[ 0.071332] clocksource: refined-jiffies: mask: 0xffffffff max_cycles: 0xffffffff, max_idle_ns: 7645519600211568 ns
[0;32;1m[ 0.071339] random: get_random_bytes called from start_kernel+0x97/0x516 with crng_init=0
[0;32;1m[ 0.071343] setup_percpu: NR_CPUS:8192 nr_cpumask_bits:4 nr_cpu_ids:4 nr_node_ids:1
[0;32;1m[ 0.071487] percpu: Embedded 46 pages/cpu @(____ptrval____) s151552 r8192 d28672 u524288
[0;32;1m[ 0.071490] pcpu-alloc: s151552 r8192 d28672 u524288 alloc=1*2097152
[0;32;1m[ 0.071491] pcpu-alloc: [0] 0 1 2 3
[0;32;1m[ 0.071505] Built 1 zonelists, mobility grouping on. Total pages: 4112701
[0;32;1m[ 0.071505] Policy zone: Normal
[0;32;1m[ 0.071506] Kernel command line: BOOT_IMAGE=/boot/vmlinuz-5.0.0-15-generic root=UUID=3aa6b752-2820-434b-bc66-e4b1d6d99f63 ro quiet splash vt.handoff=1
[0;32;1m[ 0.075300] Calgary: detecting Calgary via BIOS EBDA area
[0;32;1m[ 0.075302] Calgary: Unable to locate Rio Grande table in EBDA - bailing!
[0;32;1m[ 0.111458] Memory: 16065664K/16712040K available (14339K kernel code, 2334K rwdata, 4292K rodata, 2576K init, 5204K bss, 646376K reserved, 0K cma-reserved)
[0;32;1m[ 0.111532] SLUB: HWalign=64, Order=0-3, MinObjects=0, CPUs=4, Nodes=1
[0;32;1m[ 0.111536] Kernel/User page tables isolation: enabled
[0;32;1m[ 0.111547] ftrace: allocating 41536 entries in 163 pages
[0;32;1m[ 0.122451] rcu: Hierarchical RCU implementation.
[0;32;1m[ 0.122452] rcu: RCU restricting CPUs from NR_CPUS=8192 to nr_cpu_ids=4.
[0;32;1m[ 0.122453] Tasks RCU enabled.
[0;32;1m[ 0.122454] rcu: RCU calculated value of scheduler-enlistment delay is 25 jiffies.
[0;32;1m[ 0.122454] rcu: Adjusting geometry for rcu_fanout_leaf=16, nr_cpu_ids=4
[0;32;1m[ 0.124190] NR_IRQS: 524544, nr_irqs: 1024, preallocated irqs: 16
[0;32;1m[ 0.124463] vt handoff: transparent VT on vt#1
[0;32;1m[ 0.124466] Console: colour dummy device 80x25
[0;32;1m[ 0.124469] printk: console [tty0] enabled
[0;32;1m[ 0.124480] ACPI: Core revision 20181213
[0;32;1m[ 0.124753] clocksource: hpet: mask: 0xffffffff max_cycles: 0xffffffff, max_idle_ns: 79635855245 ns
[0;32;1m[ 0.124783] hpet clockevent registered
[0;32;1m[ 0.124817] APIC: Switch to symmetric I/O mode setup
[0;32;1m[ 0.126017] x2apic: IRQ remapping doesn't support X2APIC mode
[0;32;1m[ 0.130373] ..TIMER: vector=0x30 apic1=0 pin1=2 apic2=-1 pin2=-1
[0;32;1m[ 0.148791] clocksource: tsc-early: mask: 0xffffffffffffffff max_cycles: 0x6d51a4e4511, max_idle_ns: 881590775377 ns
[0;32;1m[ 0.148800] Calibrating delay loop (skipped), value calculated using timer frequency.. 7584.00 BogoMIPS (lpj=15168000)
[0;32;1m[ 0.148801] pid_max: default: 32768 minimum: 301
[0;32;1m[ 0.152821] LSM: Security Framework initializing
[0;32;1m[ 0.152827] Yama: becoming mindful.
[0;32;1m[ 0.152838] AppArmor: AppArmor initialized
[0;32;1m[ 0.154961] Dentry cache hash table entries: 2097152 (order: 12, 16777216 bytes)
[0;32;1m[ 0.156022] Inode-cache hash table entries: 1048576 (order: 11, 8388608 bytes)
[0;32;1m[ 0.156060] Mount-cache hash table entries: 32768 (order: 6, 262144 bytes)
[0;32;1m[ 0.156094] Mountpoint-cache hash table entries: 32768 (order: 6, 262144 bytes)
[0;32;1m[ 0.156225] ENERGY_PERF_BIAS: Set to 'normal', was 'performance'
[0;32;1m[ 0.156226] ENERGY_PERF_BIAS: View and update with x86_energy_perf_policy(8)
[0;32;1m[ 0.156229] mce: CPU supports 10 MCE banks
[0;32;1m[ 0.156237] mce: CPU0: Thermal monitoring enabled (TM1)
[0;32;1m[ 0.156249] process: using mwait in idle threads
[0;32;1m[ 0.156251] Last level iTLB entries: 4KB 128, 2MB 8, 4MB 8
[0;32;1m[ 0.156251] Last level dTLB entries: 4KB 64, 2MB 0, 4MB 0, 1GB 4
[0;32;1m[ 0.156252] Spectre V2 : Mitigation: Full generic retpoline
[0;32;1m[ 0.156253] Spectre V2 : Spectre v2 / SpectreRSB mitigation: Filling RSB on context switch
[0;32;1m[ 0.156253] Spectre V2 : Enabling Restricted Speculation for firmware calls
[0;32;1m[ 0.156257] Spectre V2 : mitigation: Enabling conditional Indirect Branch Prediction Barrier
[0;32;1m[ 0.156257] Speculative Store Bypass: Mitigation: Speculative Store Bypass disabled via prctl and seccomp
[0;32;1m[ 0.156275] MDS: Mitigation: Clear CPU buffers
[0;32;1m[ 0.156439] Freeing SMP alternatives memory: 36K
[0;32;1m[ 0.160836] TSC deadline timer enabled
[0;32;1m[ 0.160841] smpboot: CPU0: Intel(R) Core(TM) i5-7600K CPU @ 3.80GHz (family: 0x6, model: 0x9e, stepping: 0x9)
[0;32;1m[ 0.160895] Performance Events: PEBS fmt3+, Skylake events, 32-deep LBR, full-width counters, Intel PMU driver.
[0;32;1m[ 0.160916] ... version: 4
[0;32;1m[ 0.160916] ... bit width: 48
[0;32;1m[ 0.160916] ... generic registers: 8
[0;32;1m[ 0.160917] ... value mask: 0000ffffffffffff
[0;32;1m[ 0.160917] ... max period: 00007fffffffffff
[0;32;1m[ 0.160917] ... fixed-purpose events: 3
[0;32;1m[ 0.160917] ... event mask: 00000007000000ff
[0;32;1m[ 0.160942] rcu: Hierarchical SRCU implementation.
[0;32;1m[ 0.161334] random: crng done (trusting CPU's manufacturer)
[0;32;1m[ 0.161513] NMI watchdog: Enabled. Permanently consumes one hw-PMU counter.
[0;32;1m[ 0.161538] smp: Bringing up secondary CPUs ...
[0;32;1m[ 0.161586] x86: Booting SMP configuration:
[0;32;1m[ 0.161586] .... node #0, CPUs: #1 #2 #3
[0;32;1m[ 0.165825] smp: Brought up 1 node, 4 CPUs
[0;32;1m[ 0.165825] smpboot: Max logical packages: 1
[0;32;1m[ 0.165825] smpboot: Total of 4 processors activated (30336.00 BogoMIPS)
[0;32;1m[ 0.166923] devtmpfs: initialized
[0;32;1m[ 0.166923] x86/mm: Memory block size: 128MB
[0;32;1m[ 0.168994] PM: Registering ACPI NVS region [mem 0x803e1000-0x803e1fff] (4096 bytes)
[0;32;1m[ 0.168994] PM: Registering ACPI NVS region [mem 0x8e7ac000-0x8ef5dfff] (8069120 bytes)
[0;32;1m[ 0.168994] clocksource: jiffies: mask: 0xffffffff max_cycles: 0xffffffff, max_idle_ns: 7645041785100000 ns
[0;32;1m[ 0.168994] futex hash table entries: 1024 (order: 4, 65536 bytes)
[0;32;1m[ 0.168994] pinctrl core: initialized pinctrl subsystem
[0;32;1m[ 0.168994] RTC time: 11:38:32, date: 2019-05-20
[0;32;1m[ 0.169037] NET: Registered protocol family 16
[0;32;1m[ 0.169086] audit: initializing netlink subsys (disabled)
[0;32;1m[ 0.169089] audit: type=2000 audit(1558352312.048:1): state=initialized audit_enabled=0 res=1
[0;32;1m[ 0.169089] EISA bus registered
[0;32;1m[ 0.169089] cpuidle: using governor ladder
[0;32;1m[ 0.169089] cpuidle: using governor menu
[0;32;1m[ 0.169089] ACPI FADT declares the system doesn't support PCIe ASPM, so disable it
[0;32;1m[ 0.169089] ACPI: bus type PCI registered
[0;32;1m[ 0.169089] acpiphp: ACPI Hot Plug PCI Controller Driver version: 0.5
[0;32;1m[ 0.169089] PCI: MMCONFIG for domain 0000 [bus 00-ff] at [mem 0xe0000000-0xefffffff] (base 0xe0000000)
[0;32;1m[ 0.169089] PCI: MMCONFIG at [mem 0xe0000000-0xefffffff] reserved in E820
[0;32;1m[ 0.169089] PCI: Using configuration type 1 for base access
[0;32;1m[ 0.169601] HugeTLB registered 1.00 GiB page size, pre-allocated 0 pages
[0;32;1m[ 0.169601] HugeTLB registered 2.00 MiB page size, pre-allocated 0 pages
[0;32;1m[ 0.169601] ACPI: Added _OSI(Module Device)
[0;32;1m[ 0.169601] ACPI: Added _OSI(Processor Device)
[0;32;1m[ 0.169601] ACPI: Added _OSI(3.0 _SCP Extensions)
[0;32;1m[ 0.169601] ACPI: Added _OSI(Processor Aggregator Device)
[0;32;1m[ 0.169601] ACPI: Added _OSI(Linux-Dell-Video)
[0;32;1m[ 0.169601] ACPI: Added _OSI(Linux-Lenovo-NV-HDMI-Audio)
[0;32;1m[ 0.169601] ACPI: Added _OSI(Linux-HPI-Hybrid-Graphics)
[0;32;1m[ 0.202948] ACPI: 9 ACPI AML tables successfully acquired and loaded
[0;32;1m[ 0.206094] ACPI: [Firmware Bug]: BIOS _OSI(Linux) query ignored
[0;32;1m[ 0.209435] ACPI: Dynamic OEM Table Load:
[0;32;1m[ 0.209440] ACPI: SSDT 0xFFFF8B769C5DE800 00079B (v02 PmRef Cpu0Ist 00003000 INTL 20160422)
[0;32;1m[ 0.209897] ACPI: \_PR_.CPU0: _OSC native thermal LVT Acked
[0;32;1m[ 0.211109] ACPI: Dynamic OEM Table Load:
[0;32;1m[ 0.211112] ACPI: SSDT 0xFFFF8B769C68AC00 000130 (v02 PmRef Cpu0Hwp 00003000 INTL 20160422)
[0;32;1m[ 0.211372] ACPI: Dynamic OEM Table Load:
[0;32;1m[ 0.211374] ACPI: SSDT 0xFFFF8B769C68A400 0001A4 (v02 PmRef HwpLvt 00003000 INTL 20160422)
[0;32;1m[ 0.211908] ACPI: Dynamic OEM Table Load:
[0;32;1m[ 0.211911] ACPI: SSDT 0xFFFF8B769C5DD000 00065C (v02 PmRef ApIst 00003000 INTL 20160422)
[0;32;1m[ 0.212490] ACPI: Dynamic OEM Table Load:
[0;32;1m[ 0.212493] ACPI: SSDT 0xFFFF8B769C68A600 000197 (v02 PmRef ApHwp 00003000 INTL 20160422)
[0;32;1m[ 0.214238] ACPI: EC: EC started
[0;32;1m[ 0.214238] ACPI: EC: interrupt blocked
[0;32;1m[ 0.214252] ACPI: \_SB_.PCI0.LPCB.EC0_: Used as first EC
[0;32;1m[ 0.214253] ACPI: \_SB_.PCI0.LPCB.EC0_: GPE=0x16, EC_CMD/EC_SC=0x66, EC_DATA=0x62
[0;32;1m[ 0.214254] ACPI: \_SB_.PCI0.LPCB.EC0_: Used as boot DSDT EC to handle transactions
[0;32;1m[ 0.214255] ACPI: Interpreter enabled
[0;32;1m[ 0.214284] ACPI: (supports S0 S3 S4 S5)
[0;32;1m[ 0.214285] ACPI: Using IOAPIC for interrupt routing
[0;32;1m[ 0.214312] PCI: Using host bridge windows from ACPI; if necessary, use pci=nocrs and report a bug
[0;32;1m[ 0.215249] ACPI: Enabled 9 GPEs in block 00 to 7F
[0;32;1m[ 0.217726] ACPI: Power Resource [PG00] (on)
[0;32;1m[ 0.218017] ACPI: Power Resource [PG01] (on)
[0;32;1m[ 0.218299] ACPI: Power Resource [PG02] (on)
[0;32;1m[ 0.220400] ACPI: Power Resource [WRST] (on)
[0;32;1m[ 0.220737] ACPI: Power Resource [WRST] (on)
[0;32;1m[ 0.221073] ACPI: Power Resource [WRST] (on)
[0;32;1m[ 0.221407] ACPI: Power Resource [WRST] (on)
[0;32;1m[ 0.221742] ACPI: Power Resource [WRST] (on)
[0;32;1m[ 0.222082] ACPI: Power Resource [WRST] (on)
[0;32;1m[ 0.222417] ACPI: Power Resource [WRST] (on)
[0;32;1m[ 0.222751] ACPI: Power Resource [WRST] (on)
[0;32;1m[ 0.223087] ACPI: Power Resource [WRST] (on)
[0;32;1m[ 0.223515] ACPI: Power Resource [WRST] (on)
[0;32;1m[ 0.223850] ACPI: Power Resource [WRST] (on)
[0;32;1m[ 0.224184] ACPI: Power Resource [WRST] (on)
[0;32;1m[ 0.224518] ACPI: Power Resource [WRST] (on)
[0;32;1m[ 0.224865] ACPI: Power Resource [WRST] (on)
[0;32;1m[ 0.225200] ACPI: Power Resource [WRST] (on)
[0;32;1m[ 0.225534] ACPI: Power Resource [WRST] (on)
[0;32;1m[ 0.225866] ACPI: Power Resource [WRST] (on)
[0;32;1m[ 0.227201] ACPI: Power Resource [WRST] (on)
[0;32;1m[ 0.227539] ACPI: Power Resource [WRST] (on)
[0;32;1m[ 0.227874] ACPI: Power Resource [WRST] (on)
[0;32;1m[ 0.241171] ACPI: PCI Root Bridge [PCI0] (domain 0000 [bus 00-fe])
[0;32;1m[ 0.241175] acpi PNP0A08:00: _OSC: OS supports [ExtendedConfig ASPM ClockPM Segments MSI]
[0;32;1m[ 0.241208] acpi PNP0A08:00: _OSC failed (AE_ERROR); disabling ASPM
[0;32;1m[ 0.242123] PCI host bridge to bus 0000:00
[0;32;1m[ 0.242124] pci_bus 0000:00: root bus resource [io 0x0000-0x0cf7 window]
[0;32;1m[ 0.242125] pci_bus 0000:00: root bus resource [io 0x0d00-0xffff window]
[0;32;1m[ 0.242126] pci_bus 0000:00: root bus resource [mem 0x000a0000-0x000bffff window]
[0;32;1m[ 0.242126] pci_bus 0000:00: root bus resource [mem 0x90000000-0xdfffffff window]
[0;32;1m[ 0.242127] pci_bus 0000:00: root bus resource [mem 0xfd000000-0xfe7fffff window]
[0;32;1m[ 0.242128] pci_bus 0000:00: root bus resource [bus 00-fe]
[0;32;1m[ 0.242132] pci 0000:00:00.0: [8086:591f] type 00 class 0x060000
[0;32;1m[ 0.242418] pci 0000:00:01.0: [8086:1901] type 01 class 0x060400
[0;32;1m[ 0.242448] pci 0000:00:01.0: PME# supported from D0 D3hot D3cold
[0;32;1m[ 0.242665] pci 0000:00:14.0: [8086:a2af] type 00 class 0x0c0330
[0;32;1m[ 0.242683] pci 0000:00:14.0: reg 0x10: [mem 0xdf330000-0xdf33ffff 64bit]
[0;32;1m[ 0.242737] pci 0000:00:14.0: PME# supported from D3hot D3cold
[0;32;1m[ 0.242930] pci 0000:00:16.0: [8086:a2ba] type 00 class 0x078000
[0;32;1m[ 0.242949] pci 0000:00:16.0: reg 0x10: [mem 0xdf34d000-0xdf34dfff 64bit]
[0;32;1m[ 0.243008] pci 0000:00:16.0: PME# supported from D3hot
[0;32;1m[ 0.243146] pci 0000:00:17.0: [8086:a282] type 00 class 0x010601
[0;32;1m[ 0.243159] pci 0000:00:17.0: reg 0x10: [mem 0xdf348000-0xdf349fff]
[0;32;1m[ 0.243165] pci 0000:00:17.0: reg 0x14: [mem 0xdf34c000-0xdf34c0ff]
[0;32;1m[ 0.243170] pci 0000:00:17.0: reg 0x18: [io 0xf050-0xf057]
[0;32;1m[ 0.243175] pci 0000:00:17.0: reg 0x1c: [io 0xf040-0xf043]
[0;32;1m[ 0.243181] pci 0000:00:17.0: reg 0x20: [io 0xf020-0xf03f]
[0;32;1m[ 0.243186] pci 0000:00:17.0: reg 0x24: [mem 0xdf34b000-0xdf34b7ff]
[0;32;1m[ 0.243217] pci 0000:00:17.0: PME# supported from D3hot
[0;32;1m[ 0.243342] pci 0000:00:1b.0: [8086:a2e7] type 01 class 0x060400
[0;32;1m[ 0.243399] pci 0000:00:1b.0: PME# supported from D0 D3hot D3cold
[0;32;1m[ 0.243563] pci 0000:00:1c.0: [8086:a290] type 01 class 0x060400
[0;32;1m[ 0.243614] pci 0000:00:1c.0: PME# supported from D0 D3hot D3cold
[0;32;1m[ 0.243770] pci 0000:00:1c.4: [8086:a294] type 01 class 0x060400
[0;32;1m[ 0.243821] pci 0000:00:1c.4: PME# supported from D0 D3hot D3cold
[0;32;1m[ 0.243974] pci 0000:00:1d.0: [8086:a298] type 01 class 0x060400
[0;32;1m[ 0.244030] pci 0000:00:1d.0: PME# supported from D0 D3hot D3cold
[0;32;1m[ 0.244194] pci 0000:00:1f.0: [8086:a2c5] type 00 class 0x060100
[0;32;1m[ 0.244400] pci 0000:00:1f.2: [8086:a2a1] type 00 class 0x058000
[0;32;1m[ 0.244410] pci 0000:00:1f.2: reg 0x10: [mem 0xdf344000-0xdf347fff]
[0;32;1m[ 0.244555] pci 0000:00:1f.3: [8086:a2f0] type 00 class 0x040300
[0;32;1m[ 0.244576] pci 0000:00:1f.3: reg 0x10: [mem 0xdf340000-0xdf343fff 64bit]
[0;32;1m[ 0.244597] pci 0000:00:1f.3: reg 0x20: [mem 0xdf320000-0xdf32ffff 64bit]
[0;32;1m[ 0.244637] pci 0000:00:1f.3: PME# supported from D3hot D3cold
[0;32;1m[ 0.244814] pci 0000:00:1f.4: [8086:a2a3] type 00 class 0x0c0500
[0;32;1m[ 0.244873] pci 0000:00:1f.4: reg 0x10: [mem 0xdf34a000-0xdf34a0ff 64bit]
[0;32;1m[ 0.244942] pci 0000:00:1f.4: reg 0x20: [io 0xf000-0xf01f]
[0;32;1m[ 0.245133] pci 0000:00:1f.6: [8086:15b8] type 00 class 0x020000
[0;32;1m[ 0.245154] pci 0000:00:1f.6: reg 0x10: [mem 0xdf300000-0xdf31ffff]
[0;32;1m[ 0.245237] pci 0000:00:1f.6: PME# supported from D0 D3hot D3cold
[0;32;1m[ 0.245388] pci 0000:01:00.0: [10de:1c82] type 00 class 0x030000
[0;32;1m[ 0.245404] pci 0000:01:00.0: reg 0x10: [mem 0xde000000-0xdeffffff]
[0;32;1m[ 0.245412] pci 0000:01:00.0: reg 0x14: [mem 0xc0000000-0xcfffffff 64bit pref]
[0;32;1m[ 0.245421] pci 0000:01:00.0: reg 0x1c: [mem 0xd0000000-0xd1ffffff 64bit pref]
[0;32;1m[ 0.245426] pci 0000:01:00.0: reg 0x24: [io 0xe000-0xe07f]
[0;32;1m[ 0.245432] pci 0000:01:00.0: reg 0x30: [mem 0xdf000000-0xdf07ffff pref]
[0;32;1m[ 0.245444] pci 0000:01:00.0: BAR 3: assigned to efifb
[0;32;1m[ 0.245497] pci 0000:01:00.0: 32.000 Gb/s available PCIe bandwidth, limited by 2.5 GT/s x16 link at 0000:00:01.0 (capable of 126.016 Gb/s with 8 GT/s x16 link)
[0;32;1m[ 0.245529] pci 0000:01:00.1: [10de:0fb9] type 00 class 0x040300
[0;32;1m[ 0.245541] pci 0000:01:00.1: reg 0x10: [mem 0xdf080000-0xdf083fff]
[0;32;1m[ 0.245653] pci 0000:00:01.0: PCI bridge to [bus 01]
[0;32;1m[ 0.245655] pci 0000:00:01.0: bridge window [io 0xe000-0xefff]
[0;32;1m[ 0.245656] pci 0000:00:01.0: bridge window [mem 0xde000000-0xdf0fffff]
[0;32;1m[ 0.245658] pci 0000:00:01.0: bridge window [mem 0xc0000000-0xd1ffffff 64bit pref]
[0;32;1m[ 0.245723] pci 0000:00:1b.0: PCI bridge to [bus 02]
[0;32;1m[ 0.245798] pci 0000:03:00.0: [10ec:818b] type 00 class 0x028000
[0;32;1m[ 0.245823] pci 0000:03:00.0: reg 0x10: [io 0xd000-0xd0ff]
[0;32;1m[ 0.245843] pci 0000:03:00.0: reg 0x18: [mem 0xdf200000-0xdf203fff 64bit]
[0;32;1m[ 0.245938] pci 0000:03:00.0: supports D1 D2
[0;32;1m[ 0.245938] pci 0000:03:00.0: PME# supported from D0 D1 D2 D3hot D3cold
[0;32;1m[ 0.246066] pci 0000:00:1c.0: PCI bridge to [bus 03]
[0;32;1m[ 0.246067] pci 0000:00:1c.0: bridge window [io 0xd000-0xdfff]
[0;32;1m[ 0.246069] pci 0000:00:1c.0: bridge window [mem 0xdf200000-0xdf2fffff]
[0;32;1m[ 0.246139] pci 0000:04:00.0: [1b21:2142] type 00 class 0x0c0330
[0;32;1m[ 0.246163] pci 0000:04:00.0: reg 0x10: [mem 0xdf100000-0xdf107fff 64bit]
[0;32;1m[ 0.246205] pci 0000:04:00.0: enabling Extended Tags
[0;32;1m[ 0.246261] pci 0000:04:00.0: PME# supported from D0 D3hot D3cold
[0;32;1m[ 0.246368] pci 0000:00:1c.4: PCI bridge to [bus 04]
[0;32;1m[ 0.246371] pci 0000:00:1c.4: bridge window [mem 0xdf100000-0xdf1fffff]
[0;32;1m[ 0.246433] pci 0000:00:1d.0: PCI bridge to [bus 05]
[0;32;1m[ 0.248329] ACPI: PCI Interrupt Link [LNKA] (IRQs 3 4 5 6 10 *11 12 14 15)
[0;32;1m[ 0.248376] ACPI: PCI Interrupt Link [LNKB] (IRQs 3 4 5 6 *10 11 12 14 15)
[0;32;1m[ 0.248422] ACPI: PCI Interrupt Link [LNKC] (IRQs 3 4 5 6 10 *11 12 14 15)
[0;32;1m[ 0.248467] ACPI: PCI Interrupt Link [LNKD] (IRQs 3 4 5 6 10 *11 12 14 15)
[0;32;1m[ 0.248512] ACPI: PCI Interrupt Link [LNKE] (IRQs 3 4 5 6 10 *11 12 14 15)
[0;32;1m[ 0.248556] ACPI: PCI Interrupt Link [LNKF] (IRQs 3 4 5 6 10 *11 12 14 15)
[0;32;1m[ 0.248601] ACPI: PCI Interrupt Link [LNKG] (IRQs 3 4 5 6 10 *11 12 14 15)
[0;32;1m[ 0.248646] ACPI: PCI Interrupt Link [LNKH] (IRQs 3 4 5 6 10 *11 12 14 15)
[0;32;1m[ 0.248930] ACPI: EC: interrupt unblocked
[0;32;1m[ 0.248930] ACPI: EC: event unblocked
[0;32;1m[ 0.248930] ACPI: \_SB_.PCI0.LPCB.EC0_: GPE=0x16, EC_CMD/EC_SC=0x66, EC_DATA=0x62
[0;32;1m[ 0.248930] ACPI: \_SB_.PCI0.LPCB.EC0_: Used as boot DSDT EC to handle transactions and events
[0;32;1m[ 0.248931] SCSI subsystem initialized
[0;32;1m[ 0.248931] libata version 3.00 loaded.
[0;32;1m[ 0.248931] pci 0000:01:00.0: vgaarb: setting as boot VGA device
[0;32;1m[ 0.248931] pci 0000:01:00.0: vgaarb: VGA device added: decodes=io+mem,owns=io+mem,locks=none
[0;32;1m[ 0.248931] pci 0000:01:00.0: vgaarb: bridge control possible
[0;32;1m[ 0.248931] vgaarb: loaded
[0;32;1m[ 0.248931] ACPI: bus type USB registered
[0;32;1m[ 0.248931] usbcore: registered new interface driver usbfs
[0;32;1m[ 0.248931] usbcore: registered new interface driver hub
[0;32;1m[ 0.248931] usbcore: registered new device driver usb
[0;32;1m[ 0.248931] pps_core: LinuxPPS API ver. 1 registered
[0;32;1m[ 0.248931] pps_core: Software ver. 5.3.6 - Copyright 2005-2007 Rodolfo Giometti <giometti@linux.it>
[0;32;1m[ 0.248931] PTP clock support registered
[0;32;1m[ 0.248931] EDAC MC: Ver: 3.0.0
[0;32;1m[ 0.248931] Registered efivars operations
[0;32;1m[ 0.269051] PCI: Using ACPI for IRQ routing
[0;32;1m[ 0.295716] PCI: pci_cache_line_size set to 64 bytes
[0;32;1m[ 0.295759] e820: reserve RAM buffer [mem 0x00058000-0x0005ffff]
[0;32;1m[ 0.295760] e820: reserve RAM buffer [mem 0x0009f000-0x0009ffff]
[0;32;1m[ 0.295760] e820: reserve RAM buffer [mem 0x803e1000-0x83ffffff]
[0;32;1m[ 0.295761] e820: reserve RAM buffer [mem 0x8d061000-0x8fffffff]
[0;32;1m[ 0.295762] e820: reserve RAM buffer [mem 0x8fb00000-0x8fffffff]
[0;32;1m[ 0.295762] e820: reserve RAM buffer [mem 0x46f000000-0x46fffffff]
[0;32;1m[ 0.296793] NetLabel: Initializing
[0;32;1m[ 0.296793] NetLabel: domain hash size = 128
[0;32;1m[ 0.296793] NetLabel: protocols = UNLABELED CIPSOv4 CALIPSO
[0;32;1m[ 0.296793] NetLabel: unlabeled traffic allowed by default
[0;32;1m[ 0.297185] hpet0: at MMIO 0xfed00000, IRQs 2, 8, 0, 0, 0, 0, 0, 0
[0;32;1m[ 0.297187] hpet0: 8 comparators, 64-bit 24.000000 MHz counter
[0;32;1m[ 0.300793] clocksource: Switched to clocksource tsc-early
[0;32;1m[ 0.307837] VFS: Disk quotas dquot_6.6.0
[0;32;1m[ 0.307846] VFS: Dquot-cache hash table entries: 512 (order 0, 4096 bytes)
[0;32;1m[ 0.307912] AppArmor: AppArmor Filesystem Enabled
[0;32;1m[ 0.307925] pnp: PnP ACPI init
[0;32;1m[ 0.308123] system 00:00: [io 0x0290-0x029f] has been reserved
[0;32;1m[ 0.308126] system 00:00: Plug and Play ACPI device, IDs PNP0c02 (active)
[0;32;1m[ 0.308486] pnp 00:01: [dma 0 disabled]
[0;32;1m[ 0.308512] pnp 00:01: Plug and Play ACPI device, IDs PNP0501 (active)
[0;32;1m[ 0.308617] system 00:02: [io 0x0680-0x069f] has been reserved
[0;32;1m[ 0.308618] system 00:02: [io 0xffff] has been reserved
[0;32;1m[ 0.308618] system 00:02: [io 0xffff] has been reserved
[0;32;1m[ 0.308619] system 00:02: [io 0xffff] has been reserved
[0;32;1m[ 0.308620] system 00:02: [io 0x1800-0x18fe] has been reserved
[0;32;1m[ 0.308620] system 00:02: [io 0x164e-0x164f] has been reserved
[0;32;1m[ 0.308622] system 00:02: Plug and Play ACPI device, IDs PNP0c02 (active)
[0;32;1m[ 0.308693] system 00:03: [io 0x0800-0x087f] has been reserved
[0;32;1m[ 0.308694] system 00:03: Plug and Play ACPI device, IDs PNP0c02 (active)
[0;32;1m[ 0.308705] pnp 00:04: Plug and Play ACPI device, IDs PNP0b00 (active)
[0;32;1m[ 0.308731] system 00:05: [io 0x1854-0x1857] has been reserved
[0;32;1m[ 0.308732] system 00:05: Plug and Play ACPI device, IDs INT3f0d PNP0c02 (active)
[0;32;1m[ 0.308934] system 00:06: [mem 0xfed10000-0xfed17fff] has been reserved
[0;32;1m[ 0.308935] system 00:06: [mem 0xfed18000-0xfed18fff] has been reserved
[0;32;1m[ 0.308936] system 00:06: [mem 0xfed19000-0xfed19fff] has been reserved
[0;32;1m[ 0.308936] system 00:06: [mem 0xe0000000-0xefffffff] has been reserved
[0;32;1m[ 0.308937] system 00:06: [mem 0xfed20000-0xfed3ffff] has been reserved
[0;32;1m[ 0.308938] system 00:06: [mem 0xfed90000-0xfed93fff] has been reserved
[0;32;1m[ 0.308938] system 00:06: [mem 0xfed45000-0xfed8ffff] has been reserved
[0;32;1m[ 0.308939] system 00:06: [mem 0xff000000-0xffffffff] has been reserved
[0;32;1m[ 0.308940] system 00:06: [mem 0xfee00000-0xfeefffff] could not be reserved
[0;32;1m[ 0.308941] system 00:06: [mem 0xdffe0000-0xdfffffff] has been reserved
[0;32;1m[ 0.308943] system 00:06: Plug and Play ACPI device, IDs PNP0c02 (active)
[0;32;1m[ 0.308971] system 00:07: [mem 0xfd000000-0xfdabffff] has been reserved
[0;32;1m[ 0.308972] system 00:07: [mem 0xfdad0000-0xfdadffff] has been reserved
[0;32;1m[ 0.308973] system 00:07: [mem 0xfdac0000-0xfdacffff] has been reserved
[0;32;1m[ 0.308973] system 00:07: [mem 0xfdae0000-0xfdaeffff] has been reserved
[0;32;1m[ 0.308974] system 00:07: [mem 0xfdaf0000-0xfdafffff] has been reserved
[0;32;1m[ 0.308975] system 00:07: [mem 0xfdb00000-0xfdffffff] has been reserved
[0;32;1m[ 0.308975] system 00:07: [mem 0xfe000000-0xfe01ffff] could not be reserved
[0;32;1m[ 0.308976] system 00:07: [mem 0xfe036000-0xfe03bfff] has been reserved
[0;32;1m[ 0.308977] system 00:07: [mem 0xfe03d000-0xfe3fffff] has been reserved
[0;32;1m[ 0.308977] system 00:07: [mem 0xfe410000-0xfe7fffff] has been reserved
[0;32;1m[ 0.308979] system 00:07: Plug and Play ACPI device, IDs PNP0c02 (active)
[0;32;1m[ 0.309230] system 00:08: [io 0xfe00-0xfefe] has been reserved
[0;32;1m[ 0.309231] system 00:08: Plug and Play ACPI device, IDs PNP0c02 (active)
[0;32;1m[ 0.310255] system 00:09: [mem 0xfdaf0000-0xfdafffff] has been reserved
[0;32;1m[ 0.310256] system 00:09: [mem 0xfdae0000-0xfdaeffff] has been reserved
[0;32;1m[ 0.310257] system 00:09: [mem 0xfdac0000-0xfdacffff] has been reserved
[0;32;1m[ 0.310259] system 00:09: Plug and Play ACPI device, IDs PNP0c02 (active)
[0;32;1m[ 0.311028] pnp: PnP ACPI: found 10 devices
[0;32;1m[ 0.316209] clocksource: acpi_pm: mask: 0xffffff max_cycles: 0xffffff, max_idle_ns: 2085701024 ns
[0;32;1m[ 0.316221] pci 0000:00:1b.0: bridge window [io 0x1000-0x0fff] to [bus 02] add_size 1000
[0;32;1m[ 0.316222] pci 0000:00:1b.0: bridge window [mem 0x00100000-0x000fffff 64bit pref] to [bus 02] add_size 200000 add_align 100000
[0;32;1m[ 0.316223] pci 0000:00:1b.0: bridge window [mem 0x00100000-0x000fffff] to [bus 02] add_size 200000 add_align 100000
[0;32;1m[ 0.316235] pci 0000:00:1d.0: bridge window [io 0x1000-0x0fff] to [bus 05] add_size 1000
[0;32;1m[ 0.316235] pci 0000:00:1d.0: bridge window [mem 0x00100000-0x000fffff 64bit pref] to [bus 05] add_size 200000 add_align 100000
[0;32;1m[ 0.316236] pci 0000:00:1d.0: bridge window [mem 0x00100000-0x000fffff] to [bus 05] add_size 200000 add_align 100000
[0;32;1m[ 0.316241] pci 0000:00:1b.0: BAR 14: assigned [mem 0x90000000-0x901fffff]
[0;32;1m[ 0.316243] pci 0000:00:1b.0: BAR 15: assigned [mem 0x90200000-0x903fffff 64bit pref]
[0;32;1m[ 0.316244] pci 0000:00:1d.0: BAR 14: assigned [mem 0x90400000-0x905fffff]
[0;32;1m[ 0.316246] pci 0000:00:1d.0: BAR 15: assigned [mem 0x90600000-0x907fffff 64bit pref]
[0;32;1m[ 0.316247] pci 0000:00:1b.0: BAR 13: assigned [io 0x2000-0x2fff]
[0;32;1m[ 0.316248] pci 0000:00:1d.0: BAR 13: assigned [io 0x3000-0x3fff]
[0;32;1m[ 0.316250] pci 0000:00:01.0: PCI bridge to [bus 01]
[0;32;1m[ 0.316251] pci 0000:00:01.0: bridge window [io 0xe000-0xefff]
[0;32;1m[ 0.316253] pci 0000:00:01.0: bridge window [mem 0xde000000-0xdf0fffff]
[0;32;1m[ 0.316254] pci 0000:00:01.0: bridge window [mem 0xc0000000-0xd1ffffff 64bit pref]
[0;32;1m[ 0.316256] pci 0000:00:1b.0: PCI bridge to [bus 02]
[0;32;1m[ 0.316259] pci 0000:00:1b.0: bridge window [io 0x2000-0x2fff]
[0;32;1m[ 0.316261] pci 0000:00:1b.0: bridge window [mem 0x90000000-0x901fffff]
[0;32;1m[ 0.316263] pci 0000:00:1b.0: bridge window [mem 0x90200000-0x903fffff 64bit pref]
[0;32;1m[ 0.316267] pci 0000:00:1c.0: PCI bridge to [bus 03]
[0;32;1m[ 0.316268] pci 0000:00:1c.0: bridge window [io 0xd000-0xdfff]
[0;32;1m[ 0.316270] pci 0000:00:1c.0: bridge window [mem 0xdf200000-0xdf2fffff]
[0;32;1m[ 0.316274] pci 0000:00:1c.4: PCI bridge to [bus 04]
[0;32;1m[ 0.316276] pci 0000:00:1c.4: bridge window [mem 0xdf100000-0xdf1fffff]
[0;32;1m[ 0.316280] pci 0000:00:1d.0: PCI bridge to [bus 05]
[0;32;1m[ 0.316281] pci 0000:00:1d.0: bridge window [io 0x3000-0x3fff]
[0;32;1m[ 0.316283] pci 0000:00:1d.0: bridge window [mem 0x90400000-0x905fffff]
[0;32;1m[ 0.316285] pci 0000:00:1d.0: bridge window [mem 0x90600000-0x907fffff 64bit pref]
[0;32;1m[ 0.316289] pci_bus 0000:00: resource 4 [io 0x0000-0x0cf7 window]
[0;32;1m[ 0.316289] pci_bus 0000:00: resource 5 [io 0x0d00-0xffff window]
[0;32;1m[ 0.316290] pci_bus 0000:00: resource 6 [mem 0x000a0000-0x000bffff window]
[0;32;1m[ 0.316291] pci_bus 0000:00: resource 7 [mem 0x90000000-0xdfffffff window]
[0;32;1m[ 0.316291] pci_bus 0000:00: resource 8 [mem 0xfd000000-0xfe7fffff window]
[0;32;1m[ 0.316292] pci_bus 0000:01: resource 0 [io 0xe000-0xefff]
[0;32;1m[ 0.316292] pci_bus 0000:01: resource 1 [mem 0xde000000-0xdf0fffff]
[0;32;1m[ 0.316293] pci_bus 0000:01: resource 2 [mem 0xc0000000-0xd1ffffff 64bit pref]
[0;32;1m[ 0.316294] pci_bus 0000:02: resource 0 [io 0x2000-0x2fff]
[0;32;1m[ 0.316294] pci_bus 0000:02: resource 1 [mem 0x90000000-0x901fffff]
[0;32;1m[ 0.316295] pci_bus 0000:02: resource 2 [mem 0x90200000-0x903fffff 64bit pref]
[0;32;1m[ 0.316295] pci_bus 0000:03: resource 0 [io 0xd000-0xdfff]
[0;32;1m[ 0.316296] pci_bus 0000:03: resource 1 [mem 0xdf200000-0xdf2fffff]
[0;32;1m[ 0.316296] pci_bus 0000:04: resource 1 [mem 0xdf100000-0xdf1fffff]
[0;32;1m[ 0.316297] pci_bus 0000:05: resource 0 [io 0x3000-0x3fff]
[0;32;1m[ 0.316297] pci_bus 0000:05: resource 1 [mem 0x90400000-0x905fffff]
[0;32;1m[ 0.316298] pci_bus 0000:05: resource 2 [mem 0x90600000-0x907fffff 64bit pref]
[0;32;1m[ 0.316416] NET: Registered protocol family 2
[0;32;1m[ 0.316493] tcp_listen_portaddr_hash hash table entries: 8192 (order: 5, 131072 bytes)
[0;32;1m[ 0.316525] TCP established hash table entries: 131072 (order: 8, 1048576 bytes)
[0;32;1m[ 0.316653] TCP bind hash table entries: 65536 (order: 8, 1048576 bytes)
[0;32;1m[ 0.316769] TCP: Hash tables configured (established 131072 bind 65536)
[0;32;1m[ 0.316788] UDP hash table entries: 8192 (order: 6, 262144 bytes)
[0;32;1m[ 0.316827] UDP-Lite hash table entries: 8192 (order: 6, 262144 bytes)
[0;32;1m[ 0.316884] NET: Registered protocol family 1
[0;32;1m[ 0.316886] NET: Registered protocol family 44
[0;32;1m[ 0.317397] pci 0000:01:00.0: Video device with shadowed ROM at [mem 0x000c0000-0x000dffff]
[0;32;1m[ 0.317404] pci 0000:01:00.1: Linked as a consumer to 0000:01:00.0
[0;32;1m[ 0.317562] PCI: CLS 0 bytes, default 64
[0;32;1m[ 0.317582] Unpacking initramfs...
[0;32;1m[ 0.938153] Freeing initrd memory: 72888K
[0;32;1m[ 0.938176] PCI-DMA: Using software bounce buffering for IO (SWIOTLB)
[0;32;1m[ 0.938177] software IO TLB: mapped [mem 0x7c01f000-0x8001f000] (64MB)
[0;32;1m[ 0.938288] clocksource: tsc: mask: 0xffffffffffffffff max_cycles: 0x6d51a4e4511, max_idle_ns: 881590775377 ns
[0;32;1m[ 0.938297] clocksource: Switched to clocksource tsc
[0;32;1m[ 0.938336] check: Scanning for low memory corruption every 60 seconds
[0;32;1m[ 0.939424] Initialise system trusted keyrings
[0;32;1m[ 0.939430] Key type blacklist registered
[0;32;1m[ 0.939447] workingset: timestamp_bits=36 max_order=22 bucket_order=0
[0;32;1m[ 0.940195] zbud: loaded
[0;32;1m[ 0.940443] squashfs: version 4.0 (2009/01/31) Phillip Lougher
[0;32;1m[ 0.940540] fuse init (API version 7.28)
[0;32;1m[ 0.963871] Key type asymmetric registered
[0;32;1m[ 0.963872] Asymmetric key parser 'x509' registered
[0;32;1m[ 0.963879] Block layer SCSI generic (bsg) driver version 0.4 loaded (major 243)
[0;32;1m[ 0.963896] io scheduler mq-deadline registered
[0;32;1m[ 0.964360] shpchp: Standard Hot Plug PCI Controller Driver version: 0.4
[0;32;1m[ 0.964397] efifb: probing for efifb
[0;32;1m[ 0.964404] efifb: framebuffer at 0xd1000000, using 3072k, total 3072k
[0;32;1m[ 0.964405] efifb: mode is 1024x768x32, linelength=4096, pages=1
[0;32;1m[ 0.964405] efifb: scrolling: redraw
[0;32;1m[ 0.964406] efifb: Truecolor: size=8:8:8:8, shift=24:16:8:0
[0;32;1m[ 0.964455] Console: switching to colour frame buffer device 128x48
[0;32;1m[ 0.964463] fb0: EFI VGA frame buffer device
[0;32;1m[ 0.964468] intel_idle: MWAIT substates: 0x142120
[0;32;1m[ 0.964468] intel_idle: v0.4.1 model 0x9E
[0;32;1m[ 0.964616] intel_idle: lapic_timer_reliable_states 0xffffffff
[0;32;1m[ 0.964735] input: Sleep Button as /devices/LNXSYSTM:00/LNXSYBUS:00/PNP0C0E:00/input/input0
[0;32;1m[ 0.964739] ACPI: Sleep Button [SLPB]
[0;32;1m[ 0.964758] input: Power Button as /devices/LNXSYSTM:00/LNXSYBUS:00/PNP0C0C:00/input/input1
[0;32;1m[ 0.964761] ACPI: Power Button [PWRB]
[0;32;1m[ 0.964776] input: Power Button as /devices/LNXSYSTM:00/LNXPWRBN:00/input/input2
[0;32;1m[ 0.964811] ACPI: Power Button [PWRF]
[0;32;1m[ 0.965433] Serial: 8250/16550 driver, 32 ports, IRQ sharing enabled
[0;32;1m[ 0.986199] 00:01: ttyS0 at I/O 0x3f8 (irq = 4, base_baud = 115200) is a 16550A
[0;32;1m[ 0.987387] Linux agpgart interface v0.103
[0;32;1m[ 0.988569] loop: module loaded
[0;32;1m[ 0.988673] libphy: Fixed MDIO Bus: probed
[0;32;1m[ 0.988673] tun: Universal TUN/TAP device driver, 1.6
[0;32;1m[ 0.988687] PPP generic driver version 2.4.2
[0;32;1m[ 0.988706] ehci_hcd: USB 2.0 'Enhanced' Host Controller (EHCI) Driver
[0;32;1m[ 0.988708] ehci-pci: EHCI PCI platform driver
[0;32;1m[ 0.988712] ehci-platform: EHCI generic platform driver
[0;32;1m[ 0.988717] ohci_hcd: USB 1.1 'Open' Host Controller (OHCI) Driver
[0;32;1m[ 0.988717] ohci-pci: OHCI PCI platform driver
[0;32;1m[ 0.988721] ohci-platform: OHCI generic platform driver
[0;32;1m[ 0.988725] uhci_hcd: USB Universal Host Controller Interface driver
[0;32;1m[ 0.988831] xhci_hcd 0000:00:14.0: xHCI Host Controller
[0;32;1m[ 0.988835] xhci_hcd 0000:00:14.0: new USB bus registered, assigned bus number 1
[0;32;1m[ 0.989885] xhci_hcd 0000:00:14.0: hcc params 0x200077c1 hci version 0x100 quirks 0x0000000000009810
[0;32;1m[ 0.989888] xhci_hcd 0000:00:14.0: cache line size of 64 is not supported
[0;32;1m[ 0.990015] usb usb1: New USB device found, idVendor=1d6b, idProduct=0002, bcdDevice= 5.00
[0;32;1m[ 0.990016] usb usb1: New USB device strings: Mfr=3, Product=2, SerialNumber=1
[0;32;1m[ 0.990016] usb usb1: Product: xHCI Host Controller
[0;32;1m[ 0.990017] usb usb1: Manufacturer: Linux 5.0.0-15-generic xhci-hcd
[0;32;1m[ 0.990017] usb usb1: SerialNumber: 0000:00:14.0
[0;32;1m[ 0.990088] hub 1-0:1.0: USB hub found
[0;32;1m[ 0.990101] hub 1-0:1.0: 16 ports detected
[0;32;1m[ 0.991507] xhci_hcd 0000:00:14.0: xHCI Host Controller
[0;32;1m[ 0.991509] xhci_hcd 0000:00:14.0: new USB bus registered, assigned bus number 2
[0;32;1m[ 0.991511] xhci_hcd 0000:00:14.0: Host supports USB 3.0 SuperSpeed
[0;32;1m[ 0.991531] usb usb2: New USB device found, idVendor=1d6b, idProduct=0003, bcdDevice= 5.00
[0;32;1m[ 0.991531] usb usb2: New USB device strings: Mfr=3, Product=2, SerialNumber=1
[0;32;1m[ 0.991532] usb usb2: Product: xHCI Host Controller
[0;32;1m[ 0.991532] usb usb2: Manufacturer: Linux 5.0.0-15-generic xhci-hcd
[0;32;1m[ 0.991533] usb usb2: SerialNumber: 0000:00:14.0
[0;32;1m[ 0.991592] hub 2-0:1.0: USB hub found
[0;32;1m[ 0.991602] hub 2-0:1.0: 10 ports detected
[0;32;1m[ 0.992566] xhci_hcd 0000:04:00.0: xHCI Host Controller
[0;32;1m[ 0.992568] xhci_hcd 0000:04:00.0: new USB bus registered, assigned bus number 3
[0;32;1m[ 1.049597] xhci_hcd 0000:04:00.0: hcc params 0x0200ef81 hci version 0x110 quirks 0x0000000000000010
[0;32;1m[ 1.049722] usb usb3: New USB device found, idVendor=1d6b, idProduct=0002, bcdDevice= 5.00
[0;32;1m[ 1.049723] usb usb3: New USB device strings: Mfr=3, Product=2, SerialNumber=1
[0;32;1m[ 1.049723] usb usb3: Product: xHCI Host Controller
[0;32;1m[ 1.049724] usb usb3: Manufacturer: Linux 5.0.0-15-generic xhci-hcd
[0;32;1m[ 1.049724] usb usb3: SerialNumber: 0000:04:00.0
[0;32;1m[ 1.049795] hub 3-0:1.0: USB hub found
[0;32;1m[ 1.049799] hub 3-0:1.0: 2 ports detected
[0;32;1m[ 1.049899] xhci_hcd 0000:04:00.0: xHCI Host Controller
[0;32;1m[ 1.049902] xhci_hcd 0000:04:00.0: new USB bus registered, assigned bus number 4
[0;32;1m[ 1.049903] xhci_hcd 0000:04:00.0: Host supports USB 3.1 Enhanced SuperSpeed
[0;32;1m[ 1.049938] usb usb4: We don't know the algorithms for LPM for this host, disabling LPM.
[0;32;1m[ 1.049947] usb usb4: New USB device found, idVendor=1d6b, idProduct=0003, bcdDevice= 5.00
[0;32;1m[ 1.049948] usb usb4: New USB device strings: Mfr=3, Product=2, SerialNumber=1
[0;32;1m[ 1.049948] usb usb4: Product: xHCI Host Controller
[0;32;1m[ 1.049949] usb usb4: Manufacturer: Linux 5.0.0-15-generic xhci-hcd
[0;32;1m[ 1.049949] usb usb4: SerialNumber: 0000:04:00.0
[0;32;1m[ 1.050019] hub 4-0:1.0: USB hub found
[0;32;1m[ 1.050024] hub 4-0:1.0: 2 ports detected
[0;32;1m[ 1.050123] i8042: PNP: No PS/2 controller found.
[0;32;1m[ 1.050123] i8042: Probing ports directly.
[0;32;1m[ 1.053430] serio: i8042 KBD port at 0x60,0x64 irq 1
[0;32;1m[ 1.053433] serio: i8042 AUX port at 0x60,0x64 irq 12
[0;32;1m[ 1.053540] mousedev: PS/2 mouse device common for all mice
[0;32;1m[ 1.053734] rtc_cmos 00:04: RTC can wake from S4
[0;32;1m[ 1.054157] rtc_cmos 00:04: registered as rtc0
[0;32;1m[ 1.054165] rtc_cmos 00:04: alarms up to one month, y3k, 242 bytes nvram, hpet irqs
[0;32;1m[ 1.054168] i2c /dev entries driver
[0;32;1m[ 1.054215] device-mapper: uevent: version 1.0.3
[0;32;1m[ 1.054272] device-mapper: ioctl: 4.39.0-ioctl (2018-04-03) initialised: dm-devel@redhat.com
[0;32;1m[ 1.054283] platform eisa.0: Probing EISA bus 0
[0;32;1m[ 1.054284] platform eisa.0: EISA: Cannot allocate resource for mainboard
[0;32;1m[ 1.054285] platform eisa.0: Cannot allocate resource for EISA slot 1
[0;32;1m[ 1.054285] platform eisa.0: Cannot allocate resource for EISA slot 2
[0;32;1m[ 1.054286] platform eisa.0: Cannot allocate resource for EISA slot 3
[0;32;1m[ 1.054286] platform eisa.0: Cannot allocate resource for EISA slot 4
[0;32;1m[ 1.054287] platform eisa.0: Cannot allocate resource for EISA slot 5
[0;32;1m[ 1.054287] platform eisa.0: Cannot allocate resource for EISA slot 6
[0;32;1m[ 1.054288] platform eisa.0: Cannot allocate resource for EISA slot 7
[0;32;1m[ 1.054288] platform eisa.0: Cannot allocate resource for EISA slot 8
[0;32;1m[ 1.054289] platform eisa.0: EISA: Detected 0 cards
[0;32;1m[ 1.054291] intel_pstate: Intel P-state driver initializing
[0;32;1m[ 1.054480] intel_pstate: HWP enabled
[0;32;1m[ 1.054494] ledtrig-cpu: registered to indicate activity on CPUs
[0;32;1m[ 1.054495] EFI Variables Facility v0.08 2004-May-17
[0;32;1m[ 1.082631] resource sanity check: requesting [mem 0xfdffe800-0xfe0007ff], which spans more than pnp 00:07 [mem 0xfdb00000-0xfdffffff]
[0;32;1m[ 1.082633] caller pmc_core_probe+0x8c/0x284 mapping multiple BARs
[0;32;1m[ 1.082639] intel_pmc_core: initialized
[0;32;1m[ 1.082742] NET: Registered protocol family 10
[0;32;1m[ 1.086309] Segment Routing with IPv6
[0;32;1m[ 1.086321] NET: Registered protocol family 17
[0;32;1m[ 1.086386] Key type dns_resolver registered
[0;32;1m[ 1.086655] RAS: Correctable Errors collector initialized.
[0;32;1m[ 1.086671] microcode: sig=0x906e9, pf=0x2, revision=0xb4
[0;32;1m[ 1.086739] microcode: Microcode Update Driver: v2.2.
[0;32;1m[ 1.086745] sched_clock: Marking stable (1090396471, -3658856)->(1115733190, -28995575)
[0;32;1m[ 1.086863] registered taskstats version 1
[0;32;1m[ 1.086868] Loading compiled-in X.509 certificates
[0;32;1m[ 1.087898] Loaded X.509 cert 'Build time autogenerated kernel key: eb1bfeba51474ef74cb4d98db3e45ae3df3fb1e7'
[0;32;1m[ 1.089840] Loaded UEFI:db cert 'ASUSTeK MotherBoard SW Key Certificate: da83b990422ebc8c441f8d8b039a65a2' linked to secondary sys keyring
[0;32;1m[ 1.089943] Loaded UEFI:db cert 'ASUSTeK Notebook SW Key Certificate: b8e581e4df77a5bb4282d5ccfc00c071' linked to secondary sys keyring
[0;32;1m[ 1.089954] Loaded UEFI:db cert 'Microsoft Corporation UEFI CA 2011: 13adbf4309bd82709c8cd54f316ed522988a1bd4' linked to secondary sys keyring
[0;32;1m[ 1.089962] Loaded UEFI:db cert 'Microsoft Windows Production PCA 2011: a92902398e16c49778cd90f99e4f9ae17c55af53' linked to secondary sys keyring
[0;32;1m[ 1.090066] Loaded UEFI:db cert 'Canonical Ltd. Master Certificate Authority: ad91990bc22ab1f517048c23b6655a268e345a63' linked to secondary sys keyring
[0;32;1m[ 1.090418] Couldn't get size: 0x800000000000000e
[0;32;1m[ 1.090419] MODSIGN: Couldn't get UEFI MokListRT
[0;32;1m[ 1.091239] zswap: loaded using pool lzo/zbud
[0;32;1m[ 1.094550] Key type big_key registered
[0;32;1m[ 1.094552] Key type trusted registered
[0;32;1m[ 1.096158] Key type encrypted registered
[0;32;1m[ 1.096160] AppArmor: AppArmor sha1 policy hashing enabled
[0;32;1m[ 1.098263] ima: No TPM chip found, activating TPM-bypass!
[0;32;1m[ 1.098265] ima: Allocated hash algorithm: sha1
[0;32;1m[ 1.098268] No architecture policies found
[0;32;1m[ 1.098273] evm: Initialising EVM extended attributes:
[0;32;1m[ 1.098274] evm: security.selinux
[0;32;1m[ 1.098274] evm: security.SMACK64
[0;32;1m[ 1.098274] evm: security.SMACK64EXEC
[0;32;1m[ 1.098275] evm: security.SMACK64TRANSMUTE
[0;32;1m[ 1.098275] evm: security.SMACK64MMAP
[0;32;1m[ 1.098275] evm: security.apparmor
[0;32;1m[ 1.098275] evm: security.ima
[0;32;1m[ 1.098275] evm: security.capability
[0;32;1m[ 1.098276] evm: HMAC attrs: 0x1
[0;32;1m[ 1.099087] Magic number: 3:244:631
[0;32;1m[ 1.099268] rtc_cmos 00:04: setting system clock to 2019-05-20T11:38:33 UTC (1558352313)
[0;32;1m[ 1.099986] Freeing unused decrypted memory: 2040K
[0;32;1m[ 1.100246] Freeing unused kernel image memory: 2576K
[0;32;1m[ 1.116941] Write protecting the kernel read-only data: 22528k
[0;32;1m[ 1.117297] Freeing unused kernel image memory: 2016K
[0;32;1m[ 1.117453] Freeing unused kernel image memory: 1852K
[0;32;1m[ 1.122529] x86/mm: Checked W+X mappings: passed, no W+X pages found.
[0;32;1m[ 1.122529] x86/mm: Checking user space page tables
[0;32;1m[ 1.127497] x86/mm: Checked W+X mappings: passed, no W+X pages found.
[0;32;1m[ 1.127501] Run /init as init process
[0;32;1m[ 1.179010] IPMI message handler: version 39.2
[0;32;1m[ 1.179488] ipmi device interface
[0;32;1m[ 1.179696] ahci 0000:00:17.0: version 3.0
[0;32;1m[ 1.179958] i801_smbus 0000:00:1f.4: SPD Write Disable is set
[0;32;1m[ 1.179983] i801_smbus 0000:00:1f.4: SMBus using PCI interrupt
[0;32;1m[ 1.182183] e1000e: Intel(R) PRO/1000 Network Driver - 3.2.6-k
[0;32;1m[ 1.182184] e1000e: Copyright(c) 1999 - 2015 Intel Corporation.
[0;32;1m[ 1.182196] e1000e 0000:00:1f.6: enabling device (0000 -> 0002)
[0;32;1m[ 1.182300] e1000e 0000:00:1f.6: Interrupt Throttling Rate (ints/sec) set to dynamic conservative mode
[0;32;1m[ 1.189984] ahci 0000:00:17.0: AHCI 0001.0301 32 slots 6 ports 6 Gbps 0x3f impl SATA mode
[0;32;1m[ 1.189986] ahci 0000:00:17.0: flags: 64bit ncq sntf led clo only pio slum part ems deso sadm sds apst
[0;32;1m[ 1.246762] PKCS#7 signature not signed with a trusted key
[0;32;1m[ 1.246768] nvidia: loading out-of-tree module taints kernel.
[0;32;1m[ 1.246772] nvidia: module license 'NVIDIA' taints kernel.
[0;32;1m[ 1.246772] Disabling lock debugging due to kernel taint
[0;32;1m[ 1.249445] scsi host0: ahci
[0;32;1m[ 1.249576] scsi host1: ahci
[0;32;1m[ 1.249645] scsi host2: ahci
[0;32;1m[ 1.249709] scsi host3: ahci
[0;32;1m[ 1.249770] scsi host4: ahci
[0;32;1m[ 1.249832] scsi host5: ahci
[0;32;1m[ 1.249878] ata1: SATA max UDMA/133 abar m2048@0xdf34b000 port 0xdf34b100 irq 126
[0;32;1m[ 1.249880] ata2: SATA max UDMA/133 abar m2048@0xdf34b000 port 0xdf34b180 irq 126
[0;32;1m[ 1.249881] ata3: SATA max UDMA/133 abar m2048@0xdf34b000 port 0xdf34b200 irq 126
[0;32;1m[ 1.249882] ata4: SATA max UDMA/133 abar m2048@0xdf34b000 port 0xdf34b280 irq 126
[0;32;1m[ 1.249883] ata5: SATA max UDMA/133 abar m2048@0xdf34b000 port 0xdf34b300 irq 126
[0;32;1m[ 1.249884] ata6: SATA max UDMA/133 abar m2048@0xdf34b000 port 0xdf34b380 irq 126
[0;32;1m[ 1.250727] nvidia: module verification failed: signature and/or required key missing - tainting kernel
[0;32;1m[ 1.253920] nvidia-nvlink: Nvlink Core is being initialized, major device number 238
[0;32;1m[ 1.254135] nvidia 0000:01:00.0: vgaarb: changed VGA decodes: olddecodes=io+mem,decodes=none:owns=io+mem
[0;32;1m[ 1.324834] usb 1-1: new full-speed USB device number 2 using xhci_hcd
[0;32;1m[ 1.353494] NVRM: loading NVIDIA UNIX x86_64 Kernel Module 418.56 Fri Mar 15 12:59:26 CDT 2019
[0;32;1m[ 1.372847] PKCS#7 signature not signed with a trusted key
[0;32;1m[ 1.373466] nvidia-modeset: Loading NVIDIA Kernel Mode Setting Driver for UNIX platforms 418.56 Fri Mar 15 12:32:40 CDT 2019
[0;32;1m[ 1.373716] PKCS#7 signature not signed with a trusted key
[0;32;1m[ 1.374080] [drm] [nvidia-drm] [GPU ID 0x00000100] Loading driver
[0;32;1m[ 1.374081] [drm] Initialized nvidia-drm 0.0.0 20160202 for 0000:01:00.0 on minor 0
[0;32;1m[ 1.388914] usb 3-2: new full-speed USB device number 2 using xhci_hcd
[0;32;1m[ 1.423638] e1000e 0000:00:1f.6 0000:00:1f.6 (uninitialized): registered PHC clock
[0;32;1m[ 1.482966] usb 1-1: New USB device found, idVendor=1b1c, idProduct=1b38, bcdDevice= 2.05
[0;32;1m[ 1.482967] usb 1-1: New USB device strings: Mfr=1, Product=2, SerialNumber=3
[0;32;1m[ 1.482967] usb 1-1: Product: Corsair Gaming K70 RGB RAPIDFIRE Keyboard
[0;32;1m[ 1.482968] usb 1-1: Manufacturer: Corsair
[0;32;1m[ 1.482968] usb 1-1: SerialNumber: 0F02700AAECB808256E95295F5001941
[0;32;1m[ 1.485635] hidraw: raw HID events driver (C) Jiri Kosina
[0;32;1m[ 1.487761] usbhid 1-1:1.2: couldn't find an input interrupt endpoint
[0;32;1m[ 1.487767] usbcore: registered new interface driver usbhid
[0;32;1m[ 1.487767] usbhid: USB HID core driver
[0;32;1m[ 1.488665] input: Corsair Corsair Gaming K70 RGB RAPIDFIRE Keyboard as /devices/pci0000:00/0000:00:14.0/usb1/1-1/1-1:1.0/0003:1B1C:1B38.0001/input/input6
[0;32;1m[ 1.488695] hid-generic 0003:1B1C:1B38.0001: input,hidraw0: USB HID v1.11 Keyboard [Corsair Corsair Gaming K70 RGB RAPIDFIRE Keyboard ] on usb-0000:00:14.0-1/input0
[0;32;1m[ 1.488893] input: Corsair Corsair Gaming K70 RGB RAPIDFIRE Keyboard Keyboard as /devices/pci0000:00/0000:00:14.0/usb1/1-1/1-1:1.1/0003:1B1C:1B38.0002/input/input7
[0;32;1m[ 1.488950] input: Corsair Corsair Gaming K70 RGB RAPIDFIRE Keyboard Consumer Control as /devices/pci0000:00/0000:00:14.0/usb1/1-1/1-1:1.1/0003:1B1C:1B38.0002/input/input8
[0;32;1m[ 1.489011] input: Corsair Corsair Gaming K70 RGB RAPIDFIRE Keyboard as /devices/pci0000:00/0000:00:14.0/usb1/1-1/1-1:1.1/0003:1B1C:1B38.0002/input/input9
[0;32;1m[ 1.489029] input: Corsair Corsair Gaming K70 RGB RAPIDFIRE Keyboard as /devices/pci0000:00/0000:00:14.0/usb1/1-1/1-1:1.1/0003:1B1C:1B38.0002/input/input10
[0;32;1m[ 1.489066] hid-generic 0003:1B1C:1B38.0002: input,hiddev0,hidraw1: USB HID v1.11 Keyboard [Corsair Corsair Gaming K70 RGB RAPIDFIRE Keyboard ] on usb-0000:00:14.0-1/input1
[0;32;1m[ 1.491654] e1000e 0000:00:1f.6 eth0: (PCI Express:2.5GT/s:Width x1) 2c:4d:54:55:39:54
[0;32;1m[ 1.491655] e1000e 0000:00:1f.6 eth0: Intel(R) PRO/1000 Network Connection
[0;32;1m[ 1.491709] e1000e 0000:00:1f.6 eth0: MAC: 12, PHY: 12, PBA No: FFFFFF-0FF
[0;32;1m[ 1.492071] e1000e 0000:00:1f.6 enp0s31f6: renamed from eth0
[0;32;1m[ 1.564551] ata3: SATA link down (SStatus 4 SControl 300)
[0;32;1m[ 1.564570] ata4: SATA link down (SStatus 4 SControl 300)
[0;32;1m[ 1.564583] ata5: SATA link down (SStatus 4 SControl 300)
[0;32;1m[ 1.564596] ata1: SATA link up 6.0 Gbps (SStatus 133 SControl 300)
[0;32;1m[ 1.564606] ata6: SATA link down (SStatus 4 SControl 300)
[0;32;1m[ 1.564619] ata2: SATA link up 6.0 Gbps (SStatus 133 SControl 300)
[0;32;1m[ 1.565660] ata2.00: ATA-8: ST1000DM010-2EP102, CC43, max UDMA/133
[0;32;1m[ 1.565661] ata2.00: 1953525168 sectors, multi 16: LBA48 NCQ (depth 32), AA
[0;32;1m[ 1.566276] ata1.00: supports DRM functions and may not be fully accessible
[0;32;1m[ 1.566975] ata2.00: configured for UDMA/133
[0;32;1m[ 1.567263] ata1.00: disabling queued TRIM support
[0;32;1m[ 1.567264] ata1.00: ATA-9: Samsung SSD 850 EVO 250GB, EMT02B6Q, max UDMA/133
[0;32;1m[ 1.567265] ata1.00: 488397168 sectors, multi 1: LBA48 NCQ (depth 32), AA
[0;32;1m[ 1.569652] ata1.00: supports DRM functions and may not be fully accessible
[0;32;1m[ 1.570505] ata1.00: disabling queued TRIM support
[0;32;1m[ 1.572461] ata1.00: configured for UDMA/133
[0;32;1m[ 1.572616] scsi 0:0:0:0: Direct-Access ATA Samsung SSD 850 2B6Q PQ: 0 ANSI: 5
[0;32;1m[ 1.572861] sd 0:0:0:0: Attached scsi generic sg0 type 0
[0;32;1m[ 1.573026] sd 0:0:0:0: [sda] 488397168 512-byte logical blocks: (250 GB/233 GiB)
[0;32;1m[ 1.573063] sd 0:0:0:0: [sda] Write Protect is off
[0;32;1m[ 1.573064] sd 0:0:0:0: [sda] Mode Sense: 00 3a 00 00
[0;32;1m[ 1.573077] scsi 1:0:0:0: Direct-Access ATA ST1000DM010-2EP1 CC43 PQ: 0 ANSI: 5
[0;32;1m[ 1.573081] sd 0:0:0:0: [sda] Write cache: enabled, read cache: enabled, doesn't support DPO or FUA
[0;32;1m[ 1.573152] sd 1:0:0:0: Attached scsi generic sg1 type 0
[0;32;1m[ 1.573187] sd 1:0:0:0: [sdb] 1953525168 512-byte logical blocks: (1.00 TB/932 GiB)
[0;32;1m[ 1.573188] sd 1:0:0:0: [sdb] 4096-byte physical blocks
[0;32;1m[ 1.573193] sd 1:0:0:0: [sdb] Write Protect is off
[0;32;1m[ 1.573193] sd 1:0:0:0: [sdb] Mode Sense: 00 3a 00 00
[0;32;1m[ 1.573201] sd 1:0:0:0: [sdb] Write cache: enabled, read cache: enabled, doesn't support DPO or FUA
[0;32;1m[ 1.574600] sda: sda1 sda2 sda3 sda4
[0;32;1m[ 1.575589] sd 0:0:0:0: [sda] supports TCG Opal
[0;32;1m[ 1.575590] sd 0:0:0:0: [sda] Attached SCSI disk
[0;32;1m[ 1.608900] usb 1-3: new full-speed USB device number 3 using xhci_hcd
[0;32;1m[ 1.627913] sdb: sdb1 sdb2 sdb3 sdb4
[0;32;1m[ 1.628484] sd 1:0:0:0: [sdb] Attached SCSI disk
[0;32;1m[ 1.721441] usb 3-2: New USB device found, idVendor=1038, idProduct=1724, bcdDevice= 2.33
[0;32;1m[ 1.721446] usb 3-2: New USB device strings: Mfr=1, Product=2, SerialNumber=0
[0;32;1m[ 1.721449] usb 3-2: Product: SteelSeries Rival 600
[0;32;1m[ 1.721452] usb 3-2: Manufacturer: SteelSeries
[0;32;1m[ 1.746504] hid-generic 0003:1038:1724.0003: hiddev1,hidraw2: USB HID v1.11 Device [SteelSeries SteelSeries Rival 600] on usb-0000:04:00.0-2/input0
[0;32;1m[ 1.752399] input: SteelSeries SteelSeries Rival 600 as /devices/pci0000:00/0000:00:1c.4/0000:04:00.0/usb3/3-2/3-2:1.1/0003:1038:1724.0004/input/input11
[0;32;1m[ 1.752608] hid-generic 0003:1038:1724.0004: input,hidraw3: USB HID v1.11 Mouse [SteelSeries SteelSeries Rival 600] on usb-0000:04:00.0-2/input1
[0;32;1m[ 1.758527] input: SteelSeries SteelSeries Rival 600 Keyboard as /devices/pci0000:00/0000:00:1c.4/0000:04:00.0/usb3/3-2/3-2:1.2/0003:1038:1724.0005/input/input12
[0;32;1m[ 1.816994] input: SteelSeries SteelSeries Rival 600 Consumer Control as /devices/pci0000:00/0000:00:1c.4/0000:04:00.0/usb3/3-2/3-2:1.2/0003:1038:1724.0005/input/input13
[0;32;1m[ 1.817157] hid-generic 0003:1038:1724.0005: input,hidraw4: USB HID v1.11 Keyboard [SteelSeries SteelSeries Rival 600] on usb-0000:04:00.0-2/input2
[0;32;1m[ 1.955738] usb 1-3: New USB device found, idVendor=0951, idProduct=16a4, bcdDevice= 0.30
[0;32;1m[ 1.955739] usb 1-3: New USB device strings: Mfr=1, Product=2, SerialNumber=3
[0;32;1m[ 1.955739] usb 1-3: Product: HyperX Virtual Surround Sound
[0;32;1m[ 1.955740] usb 1-3: Manufacturer: Kingston
[0;32;1m[ 1.955740] usb 1-3: SerialNumber: 00000000
[0;32;1m[ 2.063873] input: Kingston HyperX Virtual Surround Sound Consumer Control as /devices/pci0000:00/0000:00:14.0/usb1/1-3/1-3:1.3/0003:0951:16A4.0006/input/input14
[0;32;1m[ 2.120998] input: Kingston HyperX Virtual Surround Sound as /devices/pci0000:00/0000:00:14.0/usb1/1-3/1-3:1.3/0003:0951:16A4.0006/input/input15
[0;32;1m[ 2.121231] hid-generic 0003:0951:16A4.0006: input,hiddev2,hidraw5: USB HID v1.11 Device [Kingston HyperX Virtual Surround Sound] on usb-0000:00:14.0-3/input3
[0;32;1m[ 2.300359] EXT4-fs (sdb4): mounted filesystem with ordered data mode. Opts: (null)
[0;32;1m[ 3.384693] systemd[1]: Inserted module 'autofs4'
[0;32;1m[ 3.517385] systemd[1]: systemd 240 running in system mode. (+PAM +AUDIT +SELINUX +IMA +APPARMOR +SMACK +SYSVINIT +UTMP +LIBCRYPTSETUP +GCRYPT +GNUTLS +ACL +XZ +LZ4 +SECCOMP +BLKID +ELFUTILS +KMOD -IDN2 +IDN -PCRE2 default-hierarchy=hybrid)
[0;32;1m[ 3.536953] systemd[1]: Detected architecture x86-64.
[0;32;1m[ 3.551717] systemd[1]: Set hostname to <admin>.
[0;32;1m[ 4.398320] systemd[1]: /lib/systemd/system/spice-vdagentd.service:8: PIDFile= references path below legacy directory /var/run/, updating /var/run/spice-vdagentd/spice-vdagentd.pid → /run/spice-vdagentd/spice-vdagentd.pid; please update the unit file accordingly.
[0;32;1m[ 4.400253] systemd[1]: Listening on fsck to fsckd communication Socket.
[0;32;1m[ 4.400321] systemd[1]: Listening on udev Control Socket.
[0;32;1m[ 4.400395] systemd[1]: Listening on Journal Audit Socket.
[0;32;1m[ 4.400437] systemd[1]: Listening on Journal Socket (/dev/log).
[0;32;1m[ 4.400470] systemd[1]: Listening on Syslog Socket.
[0;32;1m[ 4.400516] systemd[1]: Listening on Journal Socket.
[0;32;1m[ 4.573687] EXT4-fs (sdb4): re-mounted. Opts: errors=remount-ro
[0;32;1m[ 4.610471] systemd-journald[378]: Received request to flush runtime journal from PID 1
[0;32;1m[ 4.760914] Adding 2097148k swap on /swapfile. Priority:-2 extents:6 across:2260988k FS
[0;32;1m[ 4.970571] lp: driver loaded but no devices found
[0;32;1m[ 4.972135] ppdev: user-space parallel port driver
[0;32;1m[ 7.214918] asus_wmi: ASUS WMI generic driver loaded
[0;32;1m[ 7.243540] asus_wmi: Initialization: 0x0
[0;32;1m[ 7.243559] asus_wmi: BIOS WMI version: 0.9
[0;32;1m[ 7.243591] asus_wmi: SFUN value: 0x0
[0;32;1m[ 7.243857] input: Eee PC WMI hotkeys as /devices/platform/eeepc-wmi/input/input16
[0;32;1m[ 7.243914] asus_wmi: Number of fans: 1
[0;32;1m[ 7.718673] RAPL PMU: API unit is 2^-32 Joules, 5 fixed counters, 655360 ms ovfl timer
[0;32;1m[ 7.718674] RAPL PMU: hw unit of domain pp0-core 2^-14 Joules
[0;32;1m[ 7.718674] RAPL PMU: hw unit of domain package 2^-14 Joules
[0;32;1m[ 7.718674] RAPL PMU: hw unit of domain dram 2^-14 Joules
[0;32;1m[ 7.718674] RAPL PMU: hw unit of domain pp1-gpu 2^-14 Joules
[0;32;1m[ 7.718675] RAPL PMU: hw unit of domain psys 2^-14 Joules
[0;32;1m[ 8.177143] mei_me 0000:00:16.0: enabling device (0000 -> 0002)
[0;32;1m[ 8.229485] PKCS#7 signature not signed with a trusted key
[0;32;1m[ 8.232103] nvidia-uvm: Loaded the UVM driver in 8 mode, major device number 234
[0;32;1m[ 8.528957] cfg80211: Loading compiled-in X.509 certificates for regulatory database
[0;32;1m[ 8.529338] cfg80211: Loaded X.509 cert 'sforshee: 00b28ddf47aef9cea7'
[0;32;1m[ 8.849034] cryptd: max_cpu_qlen set to 1000
[0;32;1m[ 8.942109] rtl8192ee 0000:03:00.0: enabling device (0000 -> 0003)
[0;32;1m[ 8.949989] rtl8192ee: Using firmware rtlwifi/rtl8192eefw.bin
[0;32;1m[ 8.982122] AVX2 version of gcm_enc/dec engaged.
[0;32;1m[ 8.982123] AES CTR mode by8 optimization enabled
[0;32;1m[ 9.028519] ieee80211 phy0: Selected rate control algorithm 'rtl_rc'
[0;32;1m[ 9.028630] rtlwifi: rtlwifi: wireless switch is on
[0;32;1m[ 9.150599] rtl8192ee 0000:03:00.0 wlp3s0: renamed from wlan0
[0;32;1m[ 9.183943] usb 1-3: 2:1: cannot get freq at ep 0x1
[0;32;1m[ 9.194167] usbcore: registered new interface driver snd-usb-audio
[0;32;1m[ 9.260378] snd_hda_intel 0000:00:1f.3: enabling device (0000 -> 0002)
[0;32;1m[ 9.260632] snd_hda_intel 0000:01:00.1: Disabling MSI
[0;32;1m[ 9.260635] snd_hda_intel 0000:01:00.1: Handle vga_switcheroo audio client
[0;32;1m[ 9.506737] snd_hda_codec_realtek hdaudioC0D0: autoconfig for ALC1220: line_outs=3 (0x14/0x15/0x16/0x0/0x0) type:line
[0;32;1m[ 9.506738] snd_hda_codec_realtek hdaudioC0D0: speaker_outs=0 (0x0/0x0/0x0/0x0/0x0)
[0;32;1m[ 9.506739] snd_hda_codec_realtek hdaudioC0D0: hp_outs=1 (0x1b/0x0/0x0/0x0/0x0)
[0;32;1m[ 9.506740] snd_hda_codec_realtek hdaudioC0D0: mono: mono_out=0x0
[0;32;1m[ 9.506740] snd_hda_codec_realtek hdaudioC0D0: dig-out=0x1e/0x0
[0;32;1m[ 9.506740] snd_hda_codec_realtek hdaudioC0D0: inputs:
[0;32;1m[ 9.506741] snd_hda_codec_realtek hdaudioC0D0: Front Mic=0x19
[0;32;1m[ 9.506742] snd_hda_codec_realtek hdaudioC0D0: Rear Mic=0x18
[0;32;1m[ 9.506742] snd_hda_codec_realtek hdaudioC0D0: Line=0x1a
[0;32;1m[ 9.518039] input: HDA Intel PCH Front Mic as /devices/pci0000:00/0000:00:1f.3/sound/card0/input17
[0;32;1m[ 9.518064] input: HDA Intel PCH Rear Mic as /devices/pci0000:00/0000:00:1f.3/sound/card0/input18
[0;32;1m[ 9.518083] input: HDA Intel PCH Line as /devices/pci0000:00/0000:00:1f.3/sound/card0/input19
[0;32;1m[ 9.518102] input: HDA Intel PCH Line Out Front as /devices/pci0000:00/0000:00:1f.3/sound/card0/input20
[0;32;1m[ 9.518121] input: HDA Intel PCH Line Out Surround as /devices/pci0000:00/0000:00:1f.3/sound/card0/input21
[0;32;1m[ 9.518140] input: HDA Intel PCH Line Out CLFE as /devices/pci0000:00/0000:00:1f.3/sound/card0/input22
[0;32;1m[ 9.518160] input: HDA Intel PCH Front Headphone as /devices/pci0000:00/0000:00:1f.3/sound/card0/input23
[0;32;1m[ 9.828830] intel_rapl: Found RAPL domain package
[0;32;1m[ 9.828831] intel_rapl: Found RAPL domain core
[0;32;1m[ 9.828832] intel_rapl: Found RAPL domain dram
[0;32;1m[ 10.077091] input: HDA NVidia HDMI/DP,pcm=3 as /devices/pci0000:00/0000:00:01.0/0000:01:00.1/sound/card2/input24
[0;32;1m[ 10.077116] input: HDA NVidia HDMI/DP,pcm=7 as /devices/pci0000:00/0000:00:01.0/0000:01:00.1/sound/card2/input25
[0;32;1m[ 10.077136] input: HDA NVidia HDMI/DP,pcm=8 as /devices/pci0000:00/0000:00:01.0/0000:01:00.1/sound/card2/input26
[0;32;1m[ 12.662659] audit: type=1400 audit(1558352325.060:2): apparmor=STATUS operation=profile_load profile=unconfined name=/usr/lib/snapd/snap-confine pid=755 comm=apparmor_parser
[0;32;1m[ 12.662661] audit: type=1400 audit(1558352325.060:3): apparmor=STATUS operation=profile_load profile=unconfined name=/usr/lib/snapd/snap-confine//mount-namespace-capture-helper pid=755 comm=apparmor_parser
[0;32;1m[ 12.688832] audit: type=1400 audit(1558352325.084:4): apparmor=STATUS operation=profile_load profile=unconfined name=/usr/sbin/haveged pid=754 comm=apparmor_parser
[0;32;1m[ 12.710355] audit: type=1400 audit(1558352325.108:5): apparmor=STATUS operation=profile_load profile=unconfined name=/usr/bin/man pid=758 comm=apparmor_parser
[0;32;1m[ 12.710356] audit: type=1400 audit(1558352325.108:6): apparmor=STATUS operation=profile_load profile=unconfined name=man_filter pid=758 comm=apparmor_parser
[0;32;1m[ 12.710357] audit: type=1400 audit(1558352325.108:7): apparmor=STATUS operation=profile_load profile=unconfined name=man_groff pid=758 comm=apparmor_parser
[0;32;1m[ 12.719591] audit: type=1400 audit(1558352325.116:8): apparmor=STATUS operation=profile_load profile=unconfined name=nvidia_modprobe pid=761 comm=apparmor_parser
[0;32;1m[ 12.719592] audit: type=1400 audit(1558352325.116:9): apparmor=STATUS operation=profile_load profile=unconfined name=nvidia_modprobe//kmod pid=761 comm=apparmor_parser
[0;32;1m[ 12.719886] audit: type=1400 audit(1558352325.116:10): apparmor=STATUS operation=profile_load profile=unconfined name=/usr/sbin/cups-browsed pid=757 comm=apparmor_parser
[0;32;1m[ 12.721799] audit: type=1400 audit(1558352325.120:11): apparmor=STATUS operation=profile_load profile=unconfined name=/usr/sbin/ippusbxd pid=763 comm=apparmor_parser
[0;32;1m[ 24.283184] e1000e: enp0s31f6 NIC Link is Up 1000 Mbps Full Duplex, Flow Control: Rx/Tx
[0;32;1m[ 24.283246] IPv6: ADDRCONF(NETDEV_CHANGE): enp0s31f6: link becomes ready
[0;32;1m[ 130.203948] usb 1-3: 2:1: cannot get freq at ep 0x1
[0;32;1m[ 130.253664] usb 1-3: 1:1: cannot get freq at ep 0x81
[0;32;1m[ 140.274407] wlp3s0: authenticate with e0:60:66:e5:fa:c3
[0;32;1m[ 140.307452] wlp3s0: send auth to e0:60:66:e5:fa:c3 (try 1/3)
[0;32;1m[ 140.406143] wlp3s0: authenticated
[0;32;1m[ 140.414026] wlp3s0: associate with e0:60:66:e5:fa:c3 (try 1/3)
[0;32;1m[ 140.433534] wlp3s0: RX AssocResp from e0:60:66:e5:fa:c3 (capab=0x1411 status=0 aid=1)
[0;32;1m[ 140.439027] wlp3s0: associated
[0;32;1m[ 140.539695] wlp3s0: Limiting TX power to 20 (20 - 0) dBm as advertised by e0:60:66:e5:fa:c3
[0;32;1m[ 150.444040] wlp3s0: deauthenticating from e0:60:66:e5:fa:c3 by local choice (Reason: 3=DEAUTH_LEAVING)
[0;32;1m[23476.231452] bpfilter: Loaded bpfilter_umh pid 22807
[0;30;1mSearching usb connections...
[0;32;1mBus 004 Device 001: ID 1d6b:0003 Linux Foundation 3.0 root hub OK
[0;32;1mBus 003 Device 002: ID 1038:1724 SteelSeries ApS OK
[0;32;1mBus 003 Device 001: ID 1d6b:0002 Linux Foundation 2.0 root hub OK
[0;32;1mBus 002 Device 001: ID 1d6b:0003 Linux Foundation 3.0 root hub OK
[0;32;1mBus 001 Device 003: ID 0951:16a4 Kingston Technology OK
[0;32;1mBus 001 Device 002: ID 1b1c:1b38 Corsair OK
[0;32;1mBus 001 Device 001: ID 1d6b:0002 Linux Foundation 2.0 root hub OK
